Archive member included to satisfy reference by file (symbol)

/home/llc/Ac6/SystemWorkbench/plugins/fr.ac6.mcu.externaltools.arm-none.linux64_1.16.0.201807130628/tools/compiler/bin/../lib/gcc/arm-none-eabi/7.2.1/../../../../arm-none-eabi/lib/thumb/v7e-m/fpv4-sp/hard/libc_nano.a(lib_a-errno.o)
                              src/syscalls.o (__errno)
/home/llc/Ac6/SystemWorkbench/plugins/fr.ac6.mcu.externaltools.arm-none.linux64_1.16.0.201807130628/tools/compiler/bin/../lib/gcc/arm-none-eabi/7.2.1/../../../../arm-none-eabi/lib/thumb/v7e-m/fpv4-sp/hard/libc_nano.a(lib_a-exit.o)
                              /home/llc/Ac6/SystemWorkbench/plugins/fr.ac6.mcu.externaltools.arm-none.linux64_1.16.0.201807130628/tools/compiler/bin/../lib/gcc/arm-none-eabi/7.2.1/../../../../arm-none-eabi/lib/thumb/v7e-m/fpv4-sp/hard/crt0.o (exit)
/home/llc/Ac6/SystemWorkbench/plugins/fr.ac6.mcu.externaltools.arm-none.linux64_1.16.0.201807130628/tools/compiler/bin/../lib/gcc/arm-none-eabi/7.2.1/../../../../arm-none-eabi/lib/thumb/v7e-m/fpv4-sp/hard/libc_nano.a(lib_a-impure.o)
                              /home/llc/Ac6/SystemWorkbench/plugins/fr.ac6.mcu.externaltools.arm-none.linux64_1.16.0.201807130628/tools/compiler/bin/../lib/gcc/arm-none-eabi/7.2.1/../../../../arm-none-eabi/lib/thumb/v7e-m/fpv4-sp/hard/libc_nano.a(lib_a-exit.o) (_global_impure_ptr)
/home/llc/Ac6/SystemWorkbench/plugins/fr.ac6.mcu.externaltools.arm-none.linux64_1.16.0.201807130628/tools/compiler/bin/../lib/gcc/arm-none-eabi/7.2.1/../../../../arm-none-eabi/lib/thumb/v7e-m/fpv4-sp/hard/libc_nano.a(lib_a-init.o)
                              /home/llc/Ac6/SystemWorkbench/plugins/fr.ac6.mcu.externaltools.arm-none.linux64_1.16.0.201807130628/tools/compiler/bin/../lib/gcc/arm-none-eabi/7.2.1/../../../../arm-none-eabi/lib/thumb/v7e-m/fpv4-sp/hard/crt0.o (__libc_init_array)
/home/llc/Ac6/SystemWorkbench/plugins/fr.ac6.mcu.externaltools.arm-none.linux64_1.16.0.201807130628/tools/compiler/bin/../lib/gcc/arm-none-eabi/7.2.1/../../../../arm-none-eabi/lib/thumb/v7e-m/fpv4-sp/hard/libc_nano.a(lib_a-memset.o)
                              /home/llc/Ac6/SystemWorkbench/plugins/fr.ac6.mcu.externaltools.arm-none.linux64_1.16.0.201807130628/tools/compiler/bin/../lib/gcc/arm-none-eabi/7.2.1/../../../../arm-none-eabi/lib/thumb/v7e-m/fpv4-sp/hard/crt0.o (memset)
/home/llc/Ac6/SystemWorkbench/plugins/fr.ac6.mcu.externaltools.arm-none.linux64_1.16.0.201807130628/tools/compiler/bin/../lib/gcc/arm-none-eabi/7.2.1/../../../../arm-none-eabi/lib/thumb/v7e-m/fpv4-sp/hard/libc_nano.a(lib_a-nano-vfprintf_float.o)
                              (_printf_float)
/home/llc/Ac6/SystemWorkbench/plugins/fr.ac6.mcu.externaltools.arm-none.linux64_1.16.0.201807130628/tools/compiler/bin/../lib/gcc/arm-none-eabi/7.2.1/../../../../arm-none-eabi/lib/thumb/v7e-m/fpv4-sp/hard/libc_nano.a(lib_a-nano-vfprintf_i.o)
                              /home/llc/Ac6/SystemWorkbench/plugins/fr.ac6.mcu.externaltools.arm-none.linux64_1.16.0.201807130628/tools/compiler/bin/../lib/gcc/arm-none-eabi/7.2.1/../../../../arm-none-eabi/lib/thumb/v7e-m/fpv4-sp/hard/libc_nano.a(lib_a-nano-vfprintf_float.o) (_printf_common)
/home/llc/Ac6/SystemWorkbench/plugins/fr.ac6.mcu.externaltools.arm-none.linux64_1.16.0.201807130628/tools/compiler/bin/../lib/gcc/arm-none-eabi/7.2.1/../../../../arm-none-eabi/lib/thumb/v7e-m/fpv4-sp/hard/libc_nano.a(lib_a-sprintf.o)
                              src/main.o (sprintf)
/home/llc/Ac6/SystemWorkbench/plugins/fr.ac6.mcu.externaltools.arm-none.linux64_1.16.0.201807130628/tools/compiler/bin/../lib/gcc/arm-none-eabi/7.2.1/../../../../arm-none-eabi/lib/thumb/v7e-m/fpv4-sp/hard/libc_nano.a(lib_a-strlen.o)
                              /home/llc/Ac6/SystemWorkbench/plugins/fr.ac6.mcu.externaltools.arm-none.linux64_1.16.0.201807130628/tools/compiler/bin/../lib/gcc/arm-none-eabi/7.2.1/../../../../arm-none-eabi/lib/thumb/v7e-m/fpv4-sp/hard/libc_nano.a(lib_a-nano-vfprintf_float.o) (strlen)
/home/llc/Ac6/SystemWorkbench/plugins/fr.ac6.mcu.externaltools.arm-none.linux64_1.16.0.201807130628/tools/compiler/bin/../lib/gcc/arm-none-eabi/7.2.1/../../../../arm-none-eabi/lib/thumb/v7e-m/fpv4-sp/hard/libc_nano.a(lib_a-dtoa.o)
                              /home/llc/Ac6/SystemWorkbench/plugins/fr.ac6.mcu.externaltools.arm-none.linux64_1.16.0.201807130628/tools/compiler/bin/../lib/gcc/arm-none-eabi/7.2.1/../../../../arm-none-eabi/lib/thumb/v7e-m/fpv4-sp/hard/libc_nano.a(lib_a-nano-vfprintf_float.o) (_dtoa_r)
/home/llc/Ac6/SystemWorkbench/plugins/fr.ac6.mcu.externaltools.arm-none.linux64_1.16.0.201807130628/tools/compiler/bin/../lib/gcc/arm-none-eabi/7.2.1/../../../../arm-none-eabi/lib/thumb/v7e-m/fpv4-sp/hard/libc_nano.a(lib_a-localeconv.o)
                              /home/llc/Ac6/SystemWorkbench/plugins/fr.ac6.mcu.externaltools.arm-none.linux64_1.16.0.201807130628/tools/compiler/bin/../lib/gcc/arm-none-eabi/7.2.1/../../../../arm-none-eabi/lib/thumb/v7e-m/fpv4-sp/hard/libc_nano.a(lib_a-nano-vfprintf_float.o) (_localeconv_r)
[...]
Memory Configuration

Name             Origin             Length             Attributes
FLASH            0x0000000008000000 0x0000000000080000 xr
RAM              0x0000000020000000 0x0000000000020000 xrw
*default*        0x0000000000000000 0xffffffffffffffff

Linker script and memory map

LOAD /home/llc/Ac6/SystemWorkbench/plugins/fr.ac6.mcu.externaltools.arm-none.linux64_1.16.0.201807130628/tools/compiler/bin/../lib/gcc/arm-none-eabi/7.2.1/thumb/v7e-m/fpv4-sp/hard/crti.o
LOAD /home/llc/Ac6/SystemWorkbench/plugins/fr.ac6.mcu.externaltools.arm-none.linux64_1.16.0.201807130628/tools/compiler/bin/../lib/gcc/arm-none-eabi/7.2.1/thumb/v7e-m/fpv4-sp/hard/crtbegin.o
LOAD /home/llc/Ac6/SystemWorkbench/plugins/fr.ac6.mcu.externaltools.arm-none.linux64_1.16.0.201807130628/tools/compiler/bin/../lib/gcc/arm-none-eabi/7.2.1/../../../../arm-none-eabi/lib/thumb/v7e-m/fpv4-sp/hard/crt0.o
LOAD StdPeriph_Driver/src/misc.o
LOAD StdPeriph_Driver/src/stm32f4xx_adc.o
LOAD StdPeriph_Driver/src/stm32f4xx_can.o
LOAD StdPeriph_Driver/src/stm32f4xx_crc.o
LOAD StdPeriph_Driver/src/stm32f4xx_cryp.o
LOAD StdPeriph_Driver/src/stm32f4xx_cryp_aes.o
LOAD StdPeriph_Driver/src/stm32f4xx_cryp_des.o
LOAD StdPeriph_Driver/src/stm32f4xx_cryp_tdes.o
LOAD StdPeriph_Driver/src/stm32f4xx_dac.o
LOAD StdPeriph_Driver/src/stm32f4xx_dbgmcu.o
LOAD StdPeriph_Driver/src/stm32f4xx_dcmi.o
LOAD StdPeriph_Driver/src/stm32f4xx_dfsdm.o
LOAD StdPeriph_Driver/src/stm32f4xx_dma.o
LOAD StdPeriph_Driver/src/stm32f4xx_dma2d.o
LOAD StdPeriph_Driver/src/stm32f4xx_dsi.o
LOAD StdPeriph_Driver/src/stm32f4xx_exti.o
LOAD StdPeriph_Driver/src/stm32f4xx_flash.o
LOAD StdPeriph_Driver/src/stm32f4xx_flash_ramfunc.o
LOAD StdPeriph_Driver/src/stm32f4xx_gpio.o
LOAD StdPeriph_Driver/src/stm32f4xx_hash.o
LOAD StdPeriph_Driver/src/stm32f4xx_hash_md5.o
LOAD StdPeriph_Driver/src/stm32f4xx_hash_sha1.o
LOAD StdPeriph_Driver/src/stm32f4xx_i2c.o
LOAD StdPeriph_Driver/src/stm32f4xx_iwdg.o
LOAD StdPeriph_Driver/src/stm32f4xx_lptim.o
LOAD StdPeriph_Driver/src/stm32f4xx_ltdc.o
LOAD StdPeriph_Driver/src/stm32f4xx_pwr.o
LOAD StdPeriph_Driver/src/stm32f4xx_rcc.o
LOAD StdPeriph_Driver/src/stm32f4xx_rng.o
LOAD StdPeriph_Driver/src/stm32f4xx_rtc.o
LOAD StdPeriph_Driver/src/stm32f4xx_sai.o
LOAD StdPeriph_Driver/src/stm32f4xx_sdio.o
LOAD StdPeriph_Driver/src/stm32f4xx_spi.o
LOAD StdPeriph_Driver/src/stm32f4xx_syscfg.o
LOAD StdPeriph_Driver/src/stm32f4xx_tim.o
LOAD StdPeriph_Driver/src/stm32f4xx_usart.o
LOAD StdPeriph_Driver/src/stm32f4xx_wwdg.o
LOAD src/main.o
LOAD src/serial.o
LOAD src/syscalls.o
LOAD src/system_stm32f4xx.o
LOAD startup/startup_stm32f411xe.o
LOAD /home/llc/Ac6/SystemWorkbench/plugins/fr.ac6.mcu.externaltools.arm-none.linux64_1.16.0.201807130628/tools/compiler/bin/../lib/gcc/arm-none-eabi/7.2.1/../../../../arm-none-eabi/lib/thumb/v7e-m/fpv4-sp/hard/libm.a
START GROUP
LOAD /home/llc/Ac6/SystemWorkbench/plugins/fr.ac6.mcu.externaltools.arm-none.linux64_1.16.0.201807130628/tools/compiler/bin/../lib/gcc/arm-none-eabi/7.2.1/thumb/v7e-m/fpv4-sp/hard/libgcc.a
LOAD /home/llc/Ac6/SystemWorkbench/plugins/fr.ac6.mcu.externaltools.arm-none.linux64_1.16.0.201807130628/tools/compiler/bin/../lib/gcc/arm-none-eabi/7.2.1/../../../../arm-none-eabi/lib/thumb/v7e-m/fpv4-sp/hard/libc_nano.a
END GROUP
START GROUP
LOAD /home/llc/Ac6/SystemWorkbench/plugins/fr.ac6.mcu.externaltools.arm-none.linux64_1.16.0.201807130628/tools/compiler/bin/../lib/gcc/arm-none-eabi/7.2.1/thumb/v7e-m/fpv4-sp/hard/libgcc.a
LOAD /home/llc/Ac6/SystemWorkbench/plugins/fr.ac6.mcu.externaltools.arm-none.linux64_1.16.0.201807130628/tools/compiler/bin/../lib/gcc/arm-none-eabi/7.2.1/../../../../arm-none-eabi/lib/thumb/v7e-m/fpv4-sp/hard/libc_nano.a
LOAD /home/llc/Ac6/SystemWorkbench/plugins/fr.ac6.mcu.externaltools.arm-none.linux64_1.16.0.201807130628/tools/compiler/bin/../lib/gcc/arm-none-eabi/7.2.1/../../../../arm-none-eabi/lib/thumb/v7e-m/fpv4-sp/hard/libnosys.a
END GROUP
START GROUP
LOAD /home/llc/Ac6/SystemWorkbench/plugins/fr.ac6.mcu.externaltools.arm-none.linux64_1.16.0.201807130628/tools/compiler/bin/../lib/gcc/arm-none-eabi/7.2.1/thumb/v7e-m/fpv4-sp/hard/libgcc.a
LOAD /home/llc/Ac6/SystemWorkbench/plugins/fr.ac6.mcu.externaltools.arm-none.linux64_1.16.0.201807130628/tools/compiler/bin/../lib/gcc/arm-none-eabi/7.2.1/../../../../arm-none-eabi/lib/thumb/v7e-m/fpv4-sp/hard/libc_nano.a
LOAD /home/llc/Ac6/SystemWorkbench/plugins/fr.ac6.mcu.externaltools.arm-none.linux64_1.16.0.201807130628/tools/compiler/bin/../lib/gcc/arm-none-eabi/7.2.1/../../../../arm-none-eabi/lib/thumb/v7e-m/fpv4-sp/hard/libnosys.a
END GROUP
LOAD /home/llc/Ac6/SystemWorkbench/plugins/fr.ac6.mcu.externaltools.arm-none.linux64_1.16.0.201807130628/tools/compiler/bin/../lib/gcc/arm-none-eabi/7.2.1/thumb/v7e-m/fpv4-sp/hard/crtend.o
LOAD /home/llc/Ac6/SystemWorkbench/plugins/fr.ac6.mcu.externaltools.arm-none.linux64_1.16.0.201807130628/tools/compiler/bin/../lib/gcc/arm-none-eabi/7.2.1/thumb/v7e-m/fpv4-sp/hard/crtn.o
                0x0000000020020000                _estack = 0x20020000
                0x0000000000000200                _Min_Heap_Size = 0x200
                0x0000000000000400                _Min_Stack_Size = 0x400

.isr_vector     0x0000000008000000      0x198
                0x0000000008000000                . = ALIGN (0x4)
 *(.isr_vector)
 .isr_vector    0x0000000008000000      0x198 startup/startup_stm32f411xe.o
                0x0000000008000000                g_pfnVectors
                0x0000000008000198                . = ALIGN (0x4)

.text           0x00000000080001a0     0x3524
                0x00000000080001a0                . = ALIGN (0x4)
 *(.text)
 .text          0x00000000080001a0       0x40 /home/llc/Ac6/SystemWorkbench/plugins/fr.ac6.mcu.externaltools.arm-none.linux64_1.16.0.201807130628/tools/compiler/bin/../lib/gcc/arm-none-eabi/7.2.1/thumb/v7e-m/fpv4-sp/hard/crtbegin.o
 .text          0x00000000080001e0       0x10 /home/llc/Ac6/SystemWorkbench/plugins/fr.ac6.mcu.externaltools.arm-none.linux64_1.16.0.201807130628/tools/compiler/bin/../lib/gcc/arm-none-eabi/7.2.1/../../../../arm-none-eabi/lib/thumb/v7e-m/fpv4-sp/hard/libc_nano.a(lib_a-strlen.o)
                0x00000000080001e0                strlen
 .text          0x00000000080001f0       0xa0 /home/llc/Ac6/SystemWorkbench/plugins/fr.ac6.mcu.externaltools.arm-none.linux64_1.16.0.201807130628/tools/compiler/bin/../lib/gcc/arm-none-eabi/7.2.1/../../../../arm-none-eabi/lib/thumb/v7e-m/fpv4-sp/hard/libc_nano.a(lib_a-memchr.o)
                0x00000000080001f0                memchr
 .text          0x0000000008000290      0x378 /home/llc/Ac6/SystemWorkbench/plugins/fr.ac6.mcu.externaltools.arm-none.linux64_1.16.0.201807130628/tools/compiler/bin/../lib/gcc/arm-none-eabi/7.2.1/thumb/v7e-m/fpv4-sp/hard/libgcc.a(_arm_addsubdf3.o)
                0x0000000008000290                __aeabi_drsub
                0x0000000008000298                __aeabi_dsub
                0x0000000008000298                __subdf3
                0x000000000800029c                __adddf3
                0x000000000800029c                __aeabi_dadd
                0x0000000008000514                __aeabi_ui2d
                0x0000000008000514                __floatunsidf
                0x0000000008000534                __floatsidf
                0x0000000008000534                __aeabi_i2d
                0x0000000008000558                __extendsfdf2
                0x0000000008000558                __aeabi_f2d
                0x000000000800059c                __aeabi_ul2d
                0x000000000800059c                __floatundidf
                0x00000000080005ac                __floatdidf
                0x00000000080005ac                __aeabi_l2d
 .text          0x0000000008000608      0x424 /home/llc/Ac6/SystemWorkbench/plugins/fr.ac6.mcu.externaltools.arm-none.linux64_1.16.0.201807130628/tools/compiler/bin/../lib/gcc/arm-none-eabi/7.2.1/thumb/v7e-m/fpv4-sp/hard/libgcc.a(_arm_muldivdf3.o)
                0x0000000008000608                __aeabi_dmul
                0x0000000008000608                __muldf3
                0x000000000800085c                __aeabi_ddiv
                0x000000000800085c                __divdf3
 .text          0x0000000008000a2c      0x110 /home/llc/Ac6/SystemWorkbench/plugins/fr.ac6.mcu.externaltools.arm-none.linux64_1.16.0.201807130628/tools/compiler/bin/../lib/gcc/arm-none-eabi/7.2.1/thumb/v7e-m/fpv4-sp/hard/libgcc.a(_arm_cmpdf2.o)
                0x0000000008000a2c                __gtdf2
                0x0000000008000a2c                __gedf2
                0x0000000008000a34                __ltdf2
                0x0000000008000a34                __ledf2
                0x0000000008000a3c                __cmpdf2
                0x0000000008000a3c                __eqdf2
                0x0000000008000a3c                __nedf2
                0x0000000008000ab8                __aeabi_cdrcmple
                0x0000000008000ac8                __aeabi_cdcmple
                0x0000000008000ac8                __aeabi_cdcmpeq
                0x0000000008000ad8                __aeabi_dcmpeq
                0x0000000008000aec                __aeabi_dcmplt
                0x0000000008000b00                __aeabi_dcmple
                0x0000000008000b14                __aeabi_dcmpge
                0x0000000008000b28                __aeabi_dcmpgt
 .text          0x0000000008000b3c       0x2c /home/llc/Ac6/SystemWorkbench/plugins/fr.ac6.mcu.externaltools.arm-none.linux64_1.16.0.201807130628/tools/compiler/bin/../lib/gcc/arm-none-eabi/7.2.1/thumb/v7e-m/fpv4-sp/hard/libgcc.a(_arm_unorddf2.o)
                0x0000000008000b3c                __aeabi_dcmpun
                0x0000000008000b3c                __unorddf2
 .text          0x0000000008000b68       0x50 /home/llc/Ac6/SystemWorkbench/plugins/fr.ac6.mcu.externaltools.arm-none.linux64_1.16.0.201807130628/tools/compiler/bin/../lib/gcc/arm-none-eabi/7.2.1/thumb/v7e-m/fpv4-sp/hard/libgcc.a(_arm_fixdfsi.o)
                0x0000000008000b68                __fixdfsi
                0x0000000008000b68                __aeabi_d2iz
 *(.text*)
 .text.NVIC_Init
                0x0000000008000bb8       0x64 StdPeriph_Driver/src/misc.o
                0x0000000008000bb8                NVIC_Init
 .text.GPIO_Init
                0x0000000008000c1c       0x8a StdPeriph_Driver/src/stm32f4xx_gpio.o
                0x0000000008000c1c                GPIO_Init
 .text.GPIO_PinAFConfig
                0x0000000008000ca6       0x2e StdPeriph_Driver/src/stm32f4xx_gpio.o
                0x0000000008000ca6                GPIO_PinAFConfig
 .text.RCC_GetClocksFreq
                0x0000000008000cd4       0xb8 StdPeriph_Driver/src/stm32f4xx_rcc.o
                0x0000000008000cd4                RCC_GetClocksFreq
 .text.RCC_AHB1PeriphClockCmd
                0x0000000008000d8c       0x1c StdPeriph_Driver/src/stm32f4xx_rcc.o
                0x0000000008000d8c                RCC_AHB1PeriphClockCmd
 .text.RCC_APB1PeriphClockCmd
                0x0000000008000da8       0x1c StdPeriph_Driver/src/stm32f4xx_rcc.o
                0x0000000008000da8                RCC_APB1PeriphClockCmd
 .text.RCC_APB1PeriphClockLPModeCmd
                0x0000000008000dc4       0x1c StdPeriph_Driver/src/stm32f4xx_rcc.o
                0x0000000008000dc4                RCC_APB1PeriphClockLPModeCmd
 .text.TIM_SetAutoreload
                0x0000000008000de0        0x4 StdPeriph_Driver/src/stm32f4xx_tim.o
                0x0000000008000de0                TIM_SetAutoreload
 .text.TIM_Cmd  0x0000000008000de4       0x1a StdPeriph_Driver/src/stm32f4xx_tim.o
                0x0000000008000de4                TIM_Cmd
 .text.TIM_EncoderInterfaceConfig
                0x0000000008000dfe       0x3a StdPeriph_Driver/src/stm32f4xx_tim.o
                0x0000000008000dfe                TIM_EncoderInterfaceConfig
 .text.USART_Init
                0x0000000008000e38       0xd0 StdPeriph_Driver/src/stm32f4xx_usart.o
                0x0000000008000e38                USART_Init
 .text.USART_ClockInit
                0x0000000008000f08       0x22 StdPeriph_Driver/src/stm32f4xx_usart.o
                0x0000000008000f08                USART_ClockInit
 .text.USART_ClockStructInit
                0x0000000008000f2a        0xc StdPeriph_Driver/src/stm32f4xx_usart.o
                0x0000000008000f2a                USART_ClockStructInit
 .text.USART_Cmd
                0x0000000008000f36       0x1a StdPeriph_Driver/src/stm32f4xx_usart.o
                0x0000000008000f36                USART_Cmd
 .text.USART_SendData
                0x0000000008000f50        0x8 StdPeriph_Driver/src/stm32f4xx_usart.o
                0x0000000008000f50                USART_SendData
 .text.USART_ReceiveData
                0x0000000008000f58        0x8 StdPeriph_Driver/src/stm32f4xx_usart.o
                0x0000000008000f58                USART_ReceiveData
 .text.USART_ITConfig
                0x0000000008000f60       0x3a StdPeriph_Driver/src/stm32f4xx_usart.o
                0x0000000008000f60                USART_ITConfig
 .text.USART_GetFlagStatus
                0x0000000008000f9a        0xe StdPeriph_Driver/src/stm32f4xx_usart.o
                0x0000000008000f9a                USART_GetFlagStatus
 .text._delay_us
                0x0000000008000fa8        0xe src/main.o
                0x0000000008000fa8                _delay_us
 .text._delay_ms
                0x0000000008000fb6       0x16 src/main.o
                0x0000000008000fb6                _delay_ms
 .text.SysTick_Handler
                0x0000000008000fcc       0x64 src/main.o
                0x0000000008000fcc                SysTick_Handler
 .text.timinit  0x0000000008001030      0x140 src/main.o
                0x0000000008001030                timinit
 .text.main     0x0000000008001170       0xa0 src/main.o
                0x0000000008001170                main
 .text.serial_init
                0x0000000008001210       0xe0 src/serial.o
                0x0000000008001210                serial_init
 .text.serial_write
                0x00000000080012f0       0x3c src/serial.o
                0x00000000080012f0                serial_write
 .text.serial_txint
                0x000000000800132c       0x50 src/serial.o
                0x000000000800132c                serial_txint
 .text.serial_rxint
                0x000000000800137c       0x38 src/serial.o
                0x000000000800137c                serial_rxint
 .text.USART2_IRQHandler
                0x00000000080013b4       0x2c src/serial.o
                0x00000000080013b4                USART2_IRQHandler
 .text.printString
                0x00000000080013e0       0x14 src/serial.o
                0x00000000080013e0                printString
 .text._sbrk    0x00000000080013f4       0x3c src/syscalls.o
                0x00000000080013f4                _sbrk
 .text.SetSysClock
                0x0000000008001430       0x74 src/system_stm32f4xx.o
 .text.SystemInit
                0x00000000080014a4       0x50 src/system_stm32f4xx.o
                0x00000000080014a4                SystemInit
 .text.SystemCoreClockUpdate
                0x00000000080014f4       0x8c src/system_stm32f4xx.o
                0x00000000080014f4                SystemCoreClockUpdate
 .text.Reset_Handler
                0x0000000008001580       0x50 startup/startup_stm32f411xe.o
                0x0000000008001580                Reset_Handler
 .text.Default_Handler
                0x00000000080015d0        0x2 startup/startup_stm32f411xe.o
                0x00000000080015d0                RTC_Alarm_IRQHandler
                0x00000000080015d0                EXTI2_IRQHandler
                0x00000000080015d0                DebugMon_Handler
                0x00000000080015d0                SPI4_IRQHandler
                0x00000000080015d0                TIM1_CC_IRQHandler
                0x00000000080015d0                DMA2_Stream5_IRQHandler
                0x00000000080015d0                HardFault_Handler
                0x00000000080015d0                DMA1_Stream5_IRQHandler
                0x00000000080015d0                PVD_IRQHandler
                0x00000000080015d0                SDIO_IRQHandler
                0x00000000080015d0                TAMP_STAMP_IRQHandler
                0x00000000080015d0                PendSV_Handler
                0x00000000080015d0                NMI_Handler
                0x00000000080015d0                EXTI3_IRQHandler
                0x00000000080015d0                TIM1_UP_TIM10_IRQHandler
                0x00000000080015d0                I2C3_ER_IRQHandler
                0x00000000080015d0                EXTI0_IRQHandler
                0x00000000080015d0                I2C2_EV_IRQHandler
                0x00000000080015d0                DMA1_Stream2_IRQHandler
                0x00000000080015d0                FPU_IRQHandler
                0x00000000080015d0                UsageFault_Handler
                0x00000000080015d0                DMA2_Stream2_IRQHandler
                0x00000000080015d0                SPI1_IRQHandler
                0x00000000080015d0                TIM1_BRK_TIM9_IRQHandler
                0x00000000080015d0                DMA2_Stream3_IRQHandler
                0x00000000080015d0                USART6_IRQHandler
                0x00000000080015d0                DMA2_Stream0_IRQHandler
                0x00000000080015d0                TIM4_IRQHandler
                0x00000000080015d0                I2C1_EV_IRQHandler
                0x00000000080015d0                DMA1_Stream6_IRQHandler
                0x00000000080015d0                DMA1_Stream1_IRQHandler
                0x00000000080015d0                TIM3_IRQHandler
                0x00000000080015d0                RCC_IRQHandler
                0x00000000080015d0                Default_Handler
                0x00000000080015d0                EXTI15_10_IRQHandler
                0x00000000080015d0                ADC_IRQHandler
                0x00000000080015d0                DMA1_Stream7_IRQHandler
                0x00000000080015d0                SPI5_IRQHandler
                0x00000000080015d0                TIM5_IRQHandler
                0x00000000080015d0                DMA2_Stream7_IRQHandler
                0x00000000080015d0                I2C3_EV_IRQHandler
                0x00000000080015d0                EXTI9_5_IRQHandler
                0x00000000080015d0                RTC_WKUP_IRQHandler
                0x00000000080015d0                SPI2_IRQHandler
                0x00000000080015d0                MemManage_Handler
                0x00000000080015d0                DMA1_Stream0_IRQHandler
                0x00000000080015d0                SVC_Handler
                0x00000000080015d0                EXTI4_IRQHandler
                0x00000000080015d0                WWDG_IRQHandler
                0x00000000080015d0                TIM2_IRQHandler
                0x00000000080015d0                OTG_FS_WKUP_IRQHandler
                0x00000000080015d0                TIM1_TRG_COM_TIM11_IRQHandler
                0x00000000080015d0                EXTI1_IRQHandler
                0x00000000080015d0                I2C2_ER_IRQHandler
                0x00000000080015d0                DMA2_Stream1_IRQHandler
                0x00000000080015d0                FLASH_IRQHandler
                0x00000000080015d0                DMA2_Stream4_IRQHandler
                0x00000000080015d0                BusFault_Handler
                0x00000000080015d0                USART1_IRQHandler
                0x00000000080015d0                OTG_FS_IRQHandler
                0x00000000080015d0                SPI3_IRQHandler
                0x00000000080015d0                DMA1_Stream4_IRQHandler
                0x00000000080015d0                I2C1_ER_IRQHandler
                0x00000000080015d0                DMA2_Stream6_IRQHandler
                0x00000000080015d0                DMA1_Stream3_IRQHandler
 *fill*         0x00000000080015d2        0x2 
 .text.__errno  0x00000000080015d4        0xc /home/llc/Ac6/SystemWorkbench/plugins/fr.ac6.mcu.externaltools.arm-none.linux64_1.16.0.201807130628/tools/compiler/bin/../lib/gcc/arm-none-eabi/7.2.1/../../../../arm-none-eabi/lib/thumb/v7e-m/fpv4-sp/hard/libc_nano.a(lib_a-errno.o)
                0x00000000080015d4                __errno
 .text.__libc_init_array
                0x00000000080015e0       0x48 /home/llc/Ac6/SystemWorkbench/plugins/fr.ac6.mcu.externaltools.arm-none.linux64_1.16.0.201807130628/tools/compiler/bin/../lib/gcc/arm-none-eabi/7.2.1/../../../../arm-none-eabi/lib/thumb/v7e-m/fpv4-sp/hard/libc_nano.a(lib_a-init.o)
                0x00000000080015e0                __libc_init_array
 .text.memset   0x0000000008001628       0x10 /home/llc/Ac6/SystemWorkbench/plugins/fr.ac6.mcu.externaltools.arm-none.linux64_1.16.0.201807130628/tools/compiler/bin/../lib/gcc/arm-none-eabi/7.2.1/../../../../arm-none-eabi/lib/thumb/v7e-m/fpv4-sp/hard/libc_nano.a(lib_a-memset.o)
                0x0000000008001628                memset
 .text.__cvt    0x0000000008001638       0xc2 /home/llc/Ac6/SystemWorkbench/plugins/fr.ac6.mcu.externaltools.arm-none.linux64_1.16.0.201807130628/tools/compiler/bin/../lib/gcc/arm-none-eabi/7.2.1/../../../../arm-none-eabi/lib/thumb/v7e-m/fpv4-sp/hard/libc_nano.a(lib_a-nano-vfprintf_float.o)
                0x0000000008001638                __cvt
 .text.__exponent
                0x00000000080016fa       0x66 /home/llc/Ac6/SystemWorkbench/plugins/fr.ac6.mcu.externaltools.arm-none.linux64_1.16.0.201807130628/tools/compiler/bin/../lib/gcc/arm-none-eabi/7.2.1/../../../../arm-none-eabi/lib/thumb/v7e-m/fpv4-sp/hard/libc_nano.a(lib_a-nano-vfprintf_float.o)
                0x00000000080016fa                __exponent
 .text._printf_float
                0x0000000008001760      0x480 /home/llc/Ac6/SystemWorkbench/plugins/fr.ac6.mcu.externaltools.arm-none.linux64_1.16.0.201807130628/tools/compiler/bin/../lib/gcc/arm-none-eabi/7.2.1/../../../../arm-none-eabi/lib/thumb/v7e-m/fpv4-sp/hard/libc_nano.a(lib_a-nano-vfprintf_float.o)
                0x0000000008001760                _printf_float
 .text._printf_common
                0x0000000008001be0       0xea /home/llc/Ac6/SystemWorkbench/plugins/fr.ac6.mcu.externaltools.arm-none.linux64_1.16.0.201807130628/tools/compiler/bin/../lib/gcc/arm-none-eabi/7.2.1/../../../../arm-none-eabi/lib/thumb/v7e-m/fpv4-sp/hard/libc_nano.a(lib_a-nano-vfprintf_i.o)
                0x0000000008001be0                _printf_common
 *fill*         0x0000000008001cca        0x2 
 .text._printf_i
                0x0000000008001ccc      0x224 /home/llc/Ac6/SystemWorkbench/plugins/fr.ac6.mcu.externaltools.arm-none.linux64_1.16.0.201807130628/tools/compiler/bin/../lib/gcc/arm-none-eabi/7.2.1/../../../../arm-none-eabi/lib/thumb/v7e-m/fpv4-sp/hard/libc_nano.a(lib_a-nano-vfprintf_i.o)
                0x0000000008001ccc                _printf_i
 .text.sprintf  0x0000000008001ef0       0x40 /home/llc/Ac6/SystemWorkbench/plugins/fr.ac6.mcu.externaltools.arm-none.linux64_1.16.0.201807130628/tools/compiler/bin/../lib/gcc/arm-none-eabi/7.2.1/../../../../arm-none-eabi/lib/thumb/v7e-m/fpv4-sp/hard/libc_nano.a(lib_a-sprintf.o)
                0x0000000008001ef0                sprintf
                0x0000000008001ef0                siprintf
 .text.quorem   0x0000000008001f30      0x118 /home/llc/Ac6/SystemWorkbench/plugins/fr.ac6.mcu.externaltools.arm-none.linux64_1.16.0.201807130628/tools/compiler/bin/../lib/gcc/arm-none-eabi/7.2.1/../../../../arm-none-eabi/lib/thumb/v7e-m/fpv4-sp/hard/libc_nano.a(lib_a-dtoa.o)
 .text._dtoa_r  0x0000000008002048      0xb70 /home/llc/Ac6/SystemWorkbench/plugins/fr.ac6.mcu.externaltools.arm-none.linux64_1.16.0.201807130628/tools/compiler/bin/../lib/gcc/arm-none-eabi/7.2.1/../../../../arm-none-eabi/lib/thumb/v7e-m/fpv4-sp/hard/libc_nano.a(lib_a-dtoa.o)
                0x0000000008002048                _dtoa_r
 .text._localeconv_r
                0x0000000008002bb8       0x1c /home/llc/Ac6/SystemWorkbench/plugins/fr.ac6.mcu.externaltools.arm-none.linux64_1.16.0.201807130628/tools/compiler/bin/../lib/gcc/arm-none-eabi/7.2.1/../../../../arm-none-eabi/lib/thumb/v7e-m/fpv4-sp/hard/libc_nano.a(lib_a-localeconv.o)
                0x0000000008002bb8                _localeconv_r
 .text.malloc   0x0000000008002bd4       0x10 /home/llc/Ac6/SystemWorkbench/plugins/fr.ac6.mcu.externaltools.arm-none.linux64_1.16.0.201807130628/tools/compiler/bin/../lib/gcc/arm-none-eabi/7.2.1/../../../../arm-none-eabi/lib/thumb/v7e-m/fpv4-sp/hard/libc_nano.a(lib_a-malloc.o)
                0x0000000008002bd4                malloc
 .text.memcpy   0x0000000008002be4       0x16 /home/llc/Ac6/SystemWorkbench/plugins/fr.ac6.mcu.externaltools.arm-none.linux64_1.16.0.201807130628/tools/compiler/bin/../lib/gcc/arm-none-eabi/7.2.1/../../../../arm-none-eabi/lib/thumb/v7e-m/fpv4-sp/hard/libc_nano.a(lib_a-memcpy-stub.o)
                0x0000000008002be4                memcpy
 .text._Balloc  0x0000000008002bfa       0x68 /home/llc/Ac6/SystemWorkbench/plugins/fr.ac6.mcu.externaltools.arm-none.linux64_1.16.0.201807130628/tools/compiler/bin/../lib/gcc/arm-none-eabi/7.2.1/../../../../arm-none-eabi/lib/thumb/v7e-m/fpv4-sp/hard/libc_nano.a(lib_a-mprec.o)
                0x0000000008002bfa                _Balloc
 .text._Bfree   0x0000000008002c62       0x2e /home/llc/Ac6/SystemWorkbench/plugins/fr.ac6.mcu.externaltools.arm-none.linux64_1.16.0.201807130628/tools/compiler/bin/../lib/gcc/arm-none-eabi/7.2.1/../../../../arm-none-eabi/lib/thumb/v7e-m/fpv4-sp/hard/libc_nano.a(lib_a-mprec.o)
                0x0000000008002c62                _Bfree
 .text.__multadd
                0x0000000008002c90       0x76 /home/llc/Ac6/SystemWorkbench/plugins/fr.ac6.mcu.externaltools.arm-none.linux64_1.16.0.201807130628/tools/compiler/bin/../lib/gcc/arm-none-eabi/7.2.1/../../../../arm-none-eabi/lib/thumb/v7e-m/fpv4-sp/hard/libc_nano.a(lib_a-mprec.o)
                0x0000000008002c90                __multadd
 .text.__hi0bits
                0x0000000008002d06       0x3e /home/llc/Ac6/SystemWorkbench/plugins/fr.ac6.mcu.externaltools.arm-none.linux64_1.16.0.201807130628/tools/compiler/bin/../lib/gcc/arm-none-eabi/7.2.1/../../../../arm-none-eabi/lib/thumb/v7e-m/fpv4-sp/hard/libc_nano.a(lib_a-mprec.o)
                0x0000000008002d06                __hi0bits
 .text.__lo0bits
                0x0000000008002d44       0x5e /home/llc/Ac6/SystemWorkbench/plugins/fr.ac6.mcu.externaltools.arm-none.linux64_1.16.0.201807130628/tools/compiler/bin/../lib/gcc/arm-none-eabi/7.2.1/../../../../arm-none-eabi/lib/thumb/v7e-m/fpv4-sp/hard/libc_nano.a(lib_a-mprec.o)
                0x0000000008002d44                __lo0bits
 .text.__i2b    0x0000000008002da2       0x12 /home/llc/Ac6/SystemWorkbench/plugins/fr.ac6.mcu.externaltools.arm-none.linux64_1.16.0.201807130628/tools/compiler/bin/../lib/gcc/arm-none-eabi/7.2.1/../../../../arm-none-eabi/lib/thumb/v7e-m/fpv4-sp/hard/libc_nano.a(lib_a-mprec.o)
                0x0000000008002da2                __i2b
 .text.__multiply
                0x0000000008002db4      0x12c /home/llc/Ac6/SystemWorkbench/plugins/fr.ac6.mcu.externaltools.arm-none.linux64_1.16.0.201807130628/tools/compiler/bin/../lib/gcc/arm-none-eabi/7.2.1/../../../../arm-none-eabi/lib/thumb/v7e-m/fpv4-sp/hard/libc_nano.a(lib_a-mprec.o)
                0x0000000008002db4                __multiply
 .text.__pow5mult
                0x0000000008002ee0       0x9c /home/llc/Ac6/SystemWorkbench/plugins/fr.ac6.mcu.externaltools.arm-none.linux64_1.16.0.201807130628/tools/compiler/bin/../lib/gcc/arm-none-eabi/7.2.1/../../../../arm-none-eabi/lib/thumb/v7e-m/fpv4-sp/hard/libc_nano.a(lib_a-mprec.o)
                0x0000000008002ee0                __pow5mult
 .text.__lshift
                0x0000000008002f7c       0xa8 /home/llc/Ac6/SystemWorkbench/plugins/fr.ac6.mcu.externaltools.arm-none.linux64_1.16.0.201807130628/tools/compiler/bin/../lib/gcc/arm-none-eabi/7.2.1/../../../../arm-none-eabi/lib/thumb/v7e-m/fpv4-sp/hard/libc_nano.a(lib_a-mprec.o)
                0x0000000008002f7c                __lshift
 .text.__mcmp   0x0000000008003024       0x34 /home/llc/Ac6/SystemWorkbench/plugins/fr.ac6.mcu.externaltools.arm-none.linux64_1.16.0.201807130628/tools/compiler/bin/../lib/gcc/arm-none-eabi/7.2.1/../../../../arm-none-eabi/lib/thumb/v7e-m/fpv4-sp/hard/libc_nano.a(lib_a-mprec.o)
                0x0000000008003024                __mcmp
 .text.__mdiff  0x0000000008003058       0xba /home/llc/Ac6/SystemWorkbench/plugins/fr.ac6.mcu.externaltools.arm-none.linux64_1.16.0.201807130628/tools/compiler/bin/../lib/gcc/arm-none-eabi/7.2.1/../../../../arm-none-eabi/lib/thumb/v7e-m/fpv4-sp/hard/libc_nano.a(lib_a-mprec.o)
                0x0000000008003058                __mdiff
 .text.__d2b    0x0000000008003112       0x9e /home/llc/Ac6/SystemWorkbench/plugins/fr.ac6.mcu.externaltools.arm-none.linux64_1.16.0.201807130628/tools/compiler/bin/../lib/gcc/arm-none-eabi/7.2.1/../../../../arm-none-eabi/lib/thumb/v7e-m/fpv4-sp/hard/libc_nano.a(lib_a-mprec.o)
                0x0000000008003112                __d2b
 .text._calloc_r
                0x00000000080031b0       0x1c /home/llc/Ac6/SystemWorkbench/plugins/fr.ac6.mcu.externaltools.arm-none.linux64_1.16.0.201807130628/tools/compiler/bin/../lib/gcc/arm-none-eabi/7.2.1/../../../../arm-none-eabi/lib/thumb/v7e-m/fpv4-sp/hard/libc_nano.a(lib_a-nano-callocr.o)
                0x00000000080031b0                _calloc_r
 .text._free_r  0x00000000080031cc       0x9c /home/llc/Ac6/SystemWorkbench/plugins/fr.ac6.mcu.externaltools.arm-none.linux64_1.16.0.201807130628/tools/compiler/bin/../lib/gcc/arm-none-eabi/7.2.1/../../../../arm-none-eabi/lib/thumb/v7e-m/fpv4-sp/hard/libc_nano.a(lib_a-nano-freer.o)
                0x00000000080031cc                _free_r
 .text._malloc_r
                0x0000000008003268       0xb4 /home/llc/Ac6/SystemWorkbench/plugins/fr.ac6.mcu.externaltools.arm-none.linux64_1.16.0.201807130628/tools/compiler/bin/../lib/gcc/arm-none-eabi/7.2.1/../../../../arm-none-eabi/lib/thumb/v7e-m/fpv4-sp/hard/libc_nano.a(lib_a-nano-mallocr.o)
                0x0000000008003268                _malloc_r
 .text.__ssputs_r
                0x000000000800331c       0xb4 /home/llc/Ac6/SystemWorkbench/plugins/fr.ac6.mcu.externaltools.arm-none.linux64_1.16.0.201807130628/tools/compiler/bin/../lib/gcc/arm-none-eabi/7.2.1/../../../../arm-none-eabi/lib/thumb/v7e-m/fpv4-sp/hard/libc_nano.a(lib_a-nano-svfprintf.o)
                0x000000000800331c                __ssputs_r
 .text._svfprintf_r
                0x00000000080033d0      0x1ec /home/llc/Ac6/SystemWorkbench/plugins/fr.ac6.mcu.externaltools.arm-none.linux64_1.16.0.201807130628/tools/compiler/bin/../lib/gcc/arm-none-eabi/7.2.1/../../../../arm-none-eabi/lib/thumb/v7e-m/fpv4-sp/hard/libc_nano.a(lib_a-nano-svfprintf.o)
                0x00000000080033d0                _svfprintf_r
                0x00000000080033d0                _svfiprintf_r
 .text._sbrk_r  0x00000000080035bc       0x20 /home/llc/Ac6/SystemWorkbench/plugins/fr.ac6.mcu.externaltools.arm-none.linux64_1.16.0.201807130628/tools/compiler/bin/../lib/gcc/arm-none-eabi/7.2.1/../../../../arm-none-eabi/lib/thumb/v7e-m/fpv4-sp/hard/libc_nano.a(lib_a-sbrkr.o)
                0x00000000080035bc                _sbrk_r
 .text.__ascii_mbtowc
                0x00000000080035dc       0x24 /home/llc/Ac6/SystemWorkbench/plugins/fr.ac6.mcu.externaltools.arm-none.linux64_1.16.0.201807130628/tools/compiler/bin/../lib/gcc/arm-none-eabi/7.2.1/../../../../arm-none-eabi/lib/thumb/v7e-m/fpv4-sp/hard/libc_nano.a(lib_a-mbtowc_r.o)
                0x00000000080035dc                __ascii_mbtowc
 .text.memmove  0x0000000008003600       0x32 /home/llc/Ac6/SystemWorkbench/plugins/fr.ac6.mcu.externaltools.arm-none.linux64_1.16.0.201807130628/tools/compiler/bin/../lib/gcc/arm-none-eabi/7.2.1/../../../../arm-none-eabi/lib/thumb/v7e-m/fpv4-sp/hard/libc_nano.a(lib_a-memmove.o)
                0x0000000008003600                memmove
 .text.__malloc_lock
                0x0000000008003632        0x2 /home/llc/Ac6/SystemWorkbench/plugins/fr.ac6.mcu.externaltools.arm-none.linux64_1.16.0.201807130628/tools/compiler/bin/../lib/gcc/arm-none-eabi/7.2.1/../../../../arm-none-eabi/lib/thumb/v7e-m/fpv4-sp/hard/libc_nano.a(lib_a-mlock.o)
                0x0000000008003632                __malloc_lock
 .text.__malloc_unlock
                0x0000000008003634        0x2 /home/llc/Ac6/SystemWorkbench/plugins/fr.ac6.mcu.externaltools.arm-none.linux64_1.16.0.201807130628/tools/compiler/bin/../lib/gcc/arm-none-eabi/7.2.1/../../../../arm-none-eabi/lib/thumb/v7e-m/fpv4-sp/hard/libc_nano.a(lib_a-mlock.o)
                0x0000000008003634                __malloc_unlock
 .text._realloc_r
                0x0000000008003636       0x4c /home/llc/Ac6/SystemWorkbench/plugins/fr.ac6.mcu.externaltools.arm-none.linux64_1.16.0.201807130628/tools/compiler/bin/../lib/gcc/arm-none-eabi/7.2.1/../../../../arm-none-eabi/lib/thumb/v7e-m/fpv4-sp/hard/libc_nano.a(lib_a-nano-reallocr.o)
                0x0000000008003636                _realloc_r
 .text.__ascii_wctomb
                0x0000000008003682       0x1a /home/llc/Ac6/SystemWorkbench/plugins/fr.ac6.mcu.externaltools.arm-none.linux64_1.16.0.201807130628/tools/compiler/bin/../lib/gcc/arm-none-eabi/7.2.1/../../../../arm-none-eabi/lib/thumb/v7e-m/fpv4-sp/hard/libc_nano.a(lib_a-wctomb_r.o)
                0x0000000008003682                __ascii_wctomb
 .text._malloc_usable_size_r
                0x000000000800369c       0x10 /home/llc/Ac6/SystemWorkbench/plugins/fr.ac6.mcu.externaltools.arm-none.linux64_1.16.0.201807130628/tools/compiler/bin/../lib/gcc/arm-none-eabi/7.2.1/../../../../arm-none-eabi/lib/thumb/v7e-m/fpv4-sp/hard/libc_nano.a(lib_a-nano-msizer.o)
                0x000000000800369c                _malloc_usable_size_r
 *(.glue_7)
 .glue_7        0x00000000080036ac        0x0 linker stubs
 *(.glue_7t)
 .glue_7t       0x00000000080036ac        0x0 linker stubs
 *(.eh_frame)
 .eh_frame      0x00000000080036ac        0x0 /home/llc/Ac6/SystemWorkbench/plugins/fr.ac6.mcu.externaltools.arm-none.linux64_1.16.0.201807130628/tools/compiler/bin/../lib/gcc/arm-none-eabi/7.2.1/thumb/v7e-m/fpv4-sp/hard/crtbegin.o
 *(.init)
 .init          0x00000000080036ac        0x4 /home/llc/Ac6/SystemWorkbench/plugins/fr.ac6.mcu.externaltools.arm-none.linux64_1.16.0.201807130628/tools/compiler/bin/../lib/gcc/arm-none-eabi/7.2.1/thumb/v7e-m/fpv4-sp/hard/crti.o
                0x00000000080036ac                _init
 .init          0x00000000080036b0        0x8 /home/llc/Ac6/SystemWorkbench/plugins/fr.ac6.mcu.externaltools.arm-none.linux64_1.16.0.201807130628/tools/compiler/bin/../lib/gcc/arm-none-eabi/7.2.1/thumb/v7e-m/fpv4-sp/hard/crtn.o
 *(.fini)
 .fini          0x00000000080036b8        0x4 /home/llc/Ac6/SystemWorkbench/plugins/fr.ac6.mcu.externaltools.arm-none.linux64_1.16.0.201807130628/tools/compiler/bin/../lib/gcc/arm-none-eabi/7.2.1/thumb/v7e-m/fpv4-sp/hard/crti.o
                0x00000000080036b8                _fini
 .fini          0x00000000080036bc        0x8 /home/llc/Ac6/SystemWorkbench/plugins/fr.ac6.mcu.externaltools.arm-none.linux64_1.16.0.201807130628/tools/compiler/bin/../lib/gcc/arm-none-eabi/7.2.1/thumb/v7e-m/fpv4-sp/hard/crtn.o
                0x00000000080036c4                . = ALIGN (0x4)
                0x00000000080036c4                _etext = .

.vfp11_veneer   0x00000000080036c4        0x0
 .vfp11_veneer  0x00000000080036c4        0x0 linker stubs

.v4_bx          0x00000000080036c4        0x0
 .v4_bx         0x00000000080036c4        0x0 linker stubs

.iplt           0x00000000080036c4        0x0
 .iplt          0x00000000080036c4        0x0 /home/llc/Ac6/SystemWorkbench/plugins/fr.ac6.mcu.externaltools.arm-none.linux64_1.16.0.201807130628/tools/compiler/bin/../lib/gcc/arm-none-eabi/7.2.1/thumb/v7e-m/fpv4-sp/hard/crtbegin.o

.rodata         0x00000000080036c8      0x270
                0x00000000080036c8                . = ALIGN (0x4)
 *(.rodata)
 *(.rodata*)
 .rodata.str1.4
                0x00000000080036c8       0x10 src/main.o
                                          0xe (size before relaxing)
 .rodata._printf_float.str1.1
                0x00000000080036d8       0x12 /home/llc/Ac6/SystemWorkbench/plugins/fr.ac6.mcu.externaltools.arm-none.linux64_1.16.0.201807130628/tools/compiler/bin/../lib/gcc/arm-none-eabi/7.2.1/../../../../arm-none-eabi/lib/thumb/v7e-m/fpv4-sp/hard/libc_nano.a(lib_a-nano-vfprintf_float.o)
 .rodata._printf_i.str1.1
                0x00000000080036ea       0x22 /home/llc/Ac6/SystemWorkbench/plugins/fr.ac6.mcu.externaltools.arm-none.linux64_1.16.0.201807130628/tools/compiler/bin/../lib/gcc/arm-none-eabi/7.2.1/../../../../arm-none-eabi/lib/thumb/v7e-m/fpv4-sp/hard/libc_nano.a(lib_a-nano-vfprintf_i.o)
 .rodata._dtoa_r.str1.1
                0x000000000800370c        0xd /home/llc/Ac6/SystemWorkbench/plugins/fr.ac6.mcu.externaltools.arm-none.linux64_1.16.0.201807130628/tools/compiler/bin/../lib/gcc/arm-none-eabi/7.2.1/../../../../arm-none-eabi/lib/thumb/v7e-m/fpv4-sp/hard/libc_nano.a(lib_a-dtoa.o)
                                          0xf (size before relaxing)
 *fill*         0x0000000008003719        0x7 
 .rodata.__mprec_bigtens
                0x0000000008003720       0x28 /home/llc/Ac6/SystemWorkbench/plugins/fr.ac6.mcu.externaltools.arm-none.linux64_1.16.0.201807130628/tools/compiler/bin/../lib/gcc/arm-none-eabi/7.2.1/../../../../arm-none-eabi/lib/thumb/v7e-m/fpv4-sp/hard/libc_nano.a(lib_a-mprec.o)
                0x0000000008003720                __mprec_bigtens
 .rodata.__mprec_tens
                0x0000000008003748       0xc8 /home/llc/Ac6/SystemWorkbench/plugins/fr.ac6.mcu.externaltools.arm-none.linux64_1.16.0.201807130628/tools/compiler/bin/../lib/gcc/arm-none-eabi/7.2.1/../../../../arm-none-eabi/lib/thumb/v7e-m/fpv4-sp/hard/libc_nano.a(lib_a-mprec.o)
                0x0000000008003748                __mprec_tens
 .rodata.p05.7359
                0x0000000008003810        0xc /home/llc/Ac6/SystemWorkbench/plugins/fr.ac6.mcu.externaltools.arm-none.linux64_1.16.0.201807130628/tools/compiler/bin/../lib/gcc/arm-none-eabi/7.2.1/../../../../arm-none-eabi/lib/thumb/v7e-m/fpv4-sp/hard/libc_nano.a(lib_a-mprec.o)
 .rodata._svfprintf_r.str1.1
                0x000000000800381c       0x11 /home/llc/Ac6/SystemWorkbench/plugins/fr.ac6.mcu.externaltools.arm-none.linux64_1.16.0.201807130628/tools/compiler/bin/../lib/gcc/arm-none-eabi/7.2.1/../../../../arm-none-eabi/lib/thumb/v7e-m/fpv4-sp/hard/libc_nano.a(lib_a-nano-svfprintf.o)
 .rodata._setlocale_r.str1.1
                0x000000000800382d        0x8 /home/llc/Ac6/SystemWorkbench/plugins/fr.ac6.mcu.externaltools.arm-none.linux64_1.16.0.201807130628/tools/compiler/bin/../lib/gcc/arm-none-eabi/7.2.1/../../../../arm-none-eabi/lib/thumb/v7e-m/fpv4-sp/hard/libc_nano.a(lib_a-locale.o)
                                          0x9 (size before relaxing)
 .rodata.str1.1
                0x0000000008003835        0x2 /home/llc/Ac6/SystemWorkbench/plugins/fr.ac6.mcu.externaltools.arm-none.linux64_1.16.0.201807130628/tools/compiler/bin/../lib/gcc/arm-none-eabi/7.2.1/../../../../arm-none-eabi/lib/thumb/v7e-m/fpv4-sp/hard/libc_nano.a(lib_a-locale.o)
 .rodata._ctype_
                0x0000000008003837      0x101 /home/llc/Ac6/SystemWorkbench/plugins/fr.ac6.mcu.externaltools.arm-none.linux64_1.16.0.201807130628/tools/compiler/bin/../lib/gcc/arm-none-eabi/7.2.1/../../../../arm-none-eabi/lib/thumb/v7e-m/fpv4-sp/hard/libc_nano.a(lib_a-ctype_.o)
                0x0000000008003837                _ctype_
                0x0000000008003938                . = ALIGN (0x4)

.rel.dyn        0x0000000008003938        0x0
 .rel.iplt      0x0000000008003938        0x0 /home/llc/Ac6/SystemWorkbench/plugins/fr.ac6.mcu.externaltools.arm-none.linux64_1.16.0.201807130628/tools/compiler/bin/../lib/gcc/arm-none-eabi/7.2.1/thumb/v7e-m/fpv4-sp/hard/crtbegin.o

.ARM.extab
 *(.ARM.extab* .gnu.linkonce.armextab.*)

.ARM            0x0000000008003938        0x0
                0x0000000008003938                __exidx_start = .
 *(.ARM.exidx*)
                0x0000000008003938                __exidx_end = .

.preinit_array  0x0000000008003938        0x0
                0x0000000008003938                PROVIDE (__preinit_array_start, .)
 *(.preinit_array*)
                0x0000000008003938                PROVIDE (__preinit_array_end, .)

.init_array     0x0000000008003938        0x4
                0x0000000008003938                PROVIDE (__init_array_start, .)
 *(SORT_BY_NAME(.init_array.*))
 *(.init_array*)
 .init_array    0x0000000008003938        0x4 /home/llc/Ac6/SystemWorkbench/plugins/fr.ac6.mcu.externaltools.arm-none.linux64_1.16.0.201807130628/tools/compiler/bin/../lib/gcc/arm-none-eabi/7.2.1/thumb/v7e-m/fpv4-sp/hard/crtbegin.o
                0x000000000800393c                PROVIDE (__init_array_end, .)

.fini_array     0x000000000800393c        0x4
                [!provide]                        PROVIDE (__fini_array_start, .)
 *(SORT_BY_NAME(.fini_array.*))
 *(.fini_array*)
 .fini_array    0x000000000800393c        0x4 /home/llc/Ac6/SystemWorkbench/plugins/fr.ac6.mcu.externaltools.arm-none.linux64_1.16.0.201807130628/tools/compiler/bin/../lib/gcc/arm-none-eabi/7.2.1/thumb/v7e-m/fpv4-sp/hard/crtbegin.o
                [!provide]                        PROVIDE (__fini_array_end, .)
                0x0000000008003940                _sidata = LOADADDR (.data)

.data           0x0000000020000000      0x1f4 load address 0x0000000008003940
                0x0000000020000000                . = ALIGN (0x4)
                0x0000000020000000                _sdata = .
 *(.data)
 .data          0x0000000020000000       0x10 StdPeriph_Driver/src/stm32f4xx_rcc.o
 .data          0x0000000020000010       0x14 src/system_stm32f4xx.o
                0x0000000020000010                SystemCoreClock
                0x0000000020000014                AHBPrescTable
 *(.data*)
 .data._impure_ptr
                0x0000000020000024        0x4 /home/llc/Ac6/SystemWorkbench/plugins/fr.ac6.mcu.externaltools.arm-none.linux64_1.16.0.201807130628/tools/compiler/bin/../lib/gcc/arm-none-eabi/7.2.1/../../../../arm-none-eabi/lib/thumb/v7e-m/fpv4-sp/hard/libc_nano.a(lib_a-impure.o)
                0x0000000020000024                _impure_ptr
 .data.impure_data
                0x0000000020000028       0x60 /home/llc/Ac6/SystemWorkbench/plugins/fr.ac6.mcu.externaltools.arm-none.linux64_1.16.0.201807130628/tools/compiler/bin/../lib/gcc/arm-none-eabi/7.2.1/../../../../arm-none-eabi/lib/thumb/v7e-m/fpv4-sp/hard/libc_nano.a(lib_a-impure.o)
 .data.__global_locale
                0x0000000020000088      0x16c /home/llc/Ac6/SystemWorkbench/plugins/fr.ac6.mcu.externaltools.arm-none.linux64_1.16.0.201807130628/tools/compiler/bin/../lib/gcc/arm-none-eabi/7.2.1/../../../../arm-none-eabi/lib/thumb/v7e-m/fpv4-sp/hard/libc_nano.a(lib_a-locale.o)
                0x0000000020000088                __global_locale
                0x00000000200001f4                . = ALIGN (0x4)
                0x00000000200001f4                _edata = .

.igot.plt       0x00000000200001f4        0x0 load address 0x0000000008003b34
 .igot.plt      0x00000000200001f4        0x0 /home/llc/Ac6/SystemWorkbench/plugins/fr.ac6.mcu.externaltools.arm-none.linux64_1.16.0.201807130628/tools/compiler/bin/../lib/gcc/arm-none-eabi/7.2.1/thumb/v7e-m/fpv4-sp/hard/crtbegin.o
                0x00000000200001f4                . = ALIGN (0x4)

.bss            0x00000000200001f4      0x10c load address 0x0000000008003b34
                0x00000000200001f4                _sbss = .
                0x00000000200001f4                __bss_start__ = _sbss
 *(.bss)
 .bss           0x00000000200001f4       0x1c /home/llc/Ac6/SystemWorkbench/plugins/fr.ac6.mcu.externaltools.arm-none.linux64_1.16.0.201807130628/tools/compiler/bin/../lib/gcc/arm-none-eabi/7.2.1/thumb/v7e-m/fpv4-sp/hard/crtbegin.o
 .bss           0x0000000020000210        0x4 src/main.o
 .bss           0x0000000020000214        0x7 src/serial.o
                0x0000000020000214                serial_rx_buffer_tail
                0x0000000020000216                serial_rx_buffer_head
                0x0000000020000218                serial_tx_buffer_tail
                0x000000002000021a                serial_tx_buffer_head
 *fill*         0x000000002000021b        0x1 
 .bss           0x000000002000021c        0x8 src/syscalls.o
                0x0000000020000220                __env
 *(.bss*)
 .bss.__malloc_free_list
                0x0000000020000224        0x4 /home/llc/Ac6/SystemWorkbench/plugins/fr.ac6.mcu.externaltools.arm-none.linux64_1.16.0.201807130628/tools/compiler/bin/../lib/gcc/arm-none-eabi/7.2.1/../../../../arm-none-eabi/lib/thumb/v7e-m/fpv4-sp/hard/libc_nano.a(lib_a-nano-mallocr.o)
                0x0000000020000224                __malloc_free_list
 .bss.__malloc_sbrk_start
                0x0000000020000228        0x4 /home/llc/Ac6/SystemWorkbench/plugins/fr.ac6.mcu.externaltools.arm-none.linux64_1.16.0.201807130628/tools/compiler/bin/../lib/gcc/arm-none-eabi/7.2.1/../../../../arm-none-eabi/lib/thumb/v7e-m/fpv4-sp/hard/libc_nano.a(lib_a-nano-mallocr.o)
                0x0000000020000228                __malloc_sbrk_start
 *(COMMON)
 COMMON         0x000000002000022c       0x10 src/main.o
                0x000000002000022c                pos2
                0x0000000020000230                pos1
                0x0000000020000234                pos4
                0x0000000020000238                pos3
 COMMON         0x000000002000023c       0xc0 src/serial.o
                0x000000002000023c                serial_tx_buffer
                0x000000002000027c                serial_rx_buffer
 COMMON         0x00000000200002fc        0x4 /home/llc/Ac6/SystemWorkbench/plugins/fr.ac6.mcu.externaltools.arm-none.linux64_1.16.0.201807130628/tools/compiler/bin/../lib/gcc/arm-none-eabi/7.2.1/../../../../arm-none-eabi/lib/thumb/v7e-m/fpv4-sp/hard/libc_nano.a(lib_a-reent.o)
                0x00000000200002fc                errno
                0x0000000020000300                . = ALIGN (0x4)
                0x0000000020000300                _ebss = .
                0x0000000020000300                __bss_end__ = _ebss

._user_heap_stack
                0x0000000020000300      0x600 load address 0x0000000008003b34
                0x0000000020000300                . = ALIGN (0x8)
                0x0000000020000300                PROVIDE (end, .)
                [!provide]                        PROVIDE (_end, .)
                0x0000000020000500                . = (. + _Min_Heap_Size)
 *fill*         0x0000000020000300      0x200 
                0x0000000020000900                . = (. + _Min_Stack_Size)
 *fill*         0x0000000020000500      0x400 
                0x0000000020000900                . = ALIGN (0x8)

/DISCARD/
 libc.a(*)
 libm.a(*)
 libgcc.a(*)

.ARM.attributes
                0x0000000000000000       0x30
 *(.ARM.attributes)
 .ARM.attributes
                0x0000000000000000       0x22 /home/llc/Ac6/SystemWorkbench/plugins/fr.ac6.mcu.externaltools.arm-none.linux64_1.16.0.201807130628/tools/compiler/bin/../lib/gcc/arm-none-eabi/7.2.1/thumb/v7e-m/fpv4-sp/hard/crti.o
 .ARM.attributes
                0x0000000000000022       0x34 /home/llc/Ac6/SystemWorkbench/plugins/fr.ac6.mcu.externaltools.arm-none.linux64_1.16.0.201807130628/tools/compiler/bin/../lib/gcc/arm-none-eabi/7.2.1/thumb/v7e-m/fpv4-sp/hard/crtbegin.o
 .ARM.attributes
                0x0000000000000056       0x39 StdPeriph_Driver/src/misc.o
 .ARM.attributes
                0x000000000000008f       0x39 StdPeriph_Driver/src/stm32f4xx_gpio.o
 .ARM.attributes
                0x00000000000000c8       0x39 StdPeriph_Driver/src/stm32f4xx_rcc.o
 .ARM.attributes
                0x0000000000000101       0x39 StdPeriph_Driver/src/stm32f4xx_tim.o
 .ARM.attributes
                0x000000000000013a       0x39 StdPeriph_Driver/src/stm32f4xx_usart.o
 .ARM.attributes
                0x0000000000000173       0x39 src/main.o
 .ARM.attributes
                0x00000000000001ac       0x39 src/serial.o
 .ARM.attributes
                0x00000000000001e5       0x39 src/syscalls.o
 .ARM.attributes
                0x000000000000021e       0x39 src/system_stm32f4xx.o
 .ARM.attributes
                0x0000000000000257       0x21 startup/startup_stm32f411xe.o
 .ARM.attributes
                0x0000000000000278       0x34 /home/llc/Ac6/SystemWorkbench/plugins/fr.ac6.mcu.externaltools.arm-none.linux64_1.16.0.201807130628/tools/compiler/bin/../lib/gcc/arm-none-eabi/7.2.1/../../../../arm-none-eabi/lib/thumb/v7e-m/fpv4-sp/hard/libc_nano.a(lib_a-errno.o)
 .ARM.attributes
                0x00000000000002ac       0x34 /home/llc/Ac6/SystemWorkbench/plugins/fr.ac6.mcu.externaltools.arm-none.linux64_1.16.0.201807130628/tools/compiler/bin/../lib/gcc/arm-none-eabi/7.2.1/../../../../arm-none-eabi/lib/thumb/v7e-m/fpv4-sp/hard/libc_nano.a(lib_a-impure.o)
 .ARM.attributes
                0x00000000000002e0       0x34 /home/llc/Ac6/SystemWorkbench/plugins/fr.ac6.mcu.externaltools.arm-none.linux64_1.16.0.201807130628/tools/compiler/bin/../lib/gcc/arm-none-eabi/7.2.1/../../../../arm-none-eabi/lib/thumb/v7e-m/fpv4-sp/hard/libc_nano.a(lib_a-init.o)
 .ARM.attributes
                0x0000000000000314       0x34 /home/llc/Ac6/SystemWorkbench/plugins/fr.ac6.mcu.externaltools.arm-none.linux64_1.16.0.201807130628/tools/compiler/bin/../lib/gcc/arm-none-eabi/7.2.1/../../../../arm-none-eabi/lib/thumb/v7e-m/fpv4-sp/hard/libc_nano.a(lib_a-memset.o)
 .ARM.attributes
                0x0000000000000348       0x34 /home/llc/Ac6/SystemWorkbench/plugins/fr.ac6.mcu.externaltools.arm-none.linux64_1.16.0.201807130628/tools/compiler/bin/../lib/gcc/arm-none-eabi/7.2.1/../../../../arm-none-eabi/lib/thumb/v7e-m/fpv4-sp/hard/libc_nano.a(lib_a-nano-vfprintf_float.o)
 .ARM.attributes
                0x000000000000037c       0x34 /home/llc/Ac6/SystemWorkbench/plugins/fr.ac6.mcu.externaltools.arm-none.linux64_1.16.0.201807130628/tools/compiler/bin/../lib/gcc/arm-none-eabi/7.2.1/../../../../arm-none-eabi/lib/thumb/v7e-m/fpv4-sp/hard/libc_nano.a(lib_a-nano-vfprintf_i.o)
 .ARM.attributes
                0x00000000000003b0       0x34 /home/llc/Ac6/SystemWorkbench/plugins/fr.ac6.mcu.externaltools.arm-none.linux64_1.16.0.201807130628/tools/compiler/bin/../lib/gcc/arm-none-eabi/7.2.1/../../../../arm-none-eabi/lib/thumb/v7e-m/fpv4-sp/hard/libc_nano.a(lib_a-sprintf.o)
 .ARM.attributes
                0x00000000000003e4       0x1b /home/llc/Ac6/SystemWorkbench/plugins/fr.ac6.mcu.externaltools.arm-none.linux64_1.16.0.201807130628/tools/compiler/bin/../lib/gcc/arm-none-eabi/7.2.1/../../../../arm-none-eabi/lib/thumb/v7e-m/fpv4-sp/hard/libc_nano.a(lib_a-strlen.o)
 .ARM.attributes
                0x00000000000003ff       0x34 /home/llc/Ac6/SystemWorkbench/plugins/fr.ac6.mcu.externaltools.arm-none.linux64_1.16.0.201807130628/tools/compiler/bin/../lib/gcc/arm-none-eabi/7.2.1/../../../../arm-none-eabi/lib/thumb/v7e-m/fpv4-sp/hard/libc_nano.a(lib_a-dtoa.o)
 .ARM.attributes
                0x0000000000000433       0x34 /home/llc/Ac6/SystemWorkbench/plugins/fr.ac6.mcu.externaltools.arm-none.linux64_1.16.0.201807130628/tools/compiler/bin/../lib/gcc/arm-none-eabi/7.2.1/../../../../arm-none-eabi/lib/thumb/v7e-m/fpv4-sp/hard/libc_nano.a(lib_a-localeconv.o)
 .ARM.attributes
                0x0000000000000467       0x34 /home/llc/Ac6/SystemWorkbench/plugins/fr.ac6.mcu.externaltools.arm-none.linux64_1.16.0.201807130628/tools/compiler/bin/../lib/gcc/arm-none-eabi/7.2.1/../../../../arm-none-eabi/lib/thumb/v7e-m/fpv4-sp/hard/libc_nano.a(lib_a-malloc.o)
 .ARM.attributes
                0x000000000000049b       0x20 /home/llc/Ac6/SystemWorkbench/plugins/fr.ac6.mcu.externaltools.arm-none.linux64_1.16.0.201807130628/tools/compiler/bin/../lib/gcc/arm-none-eabi/7.2.1/../../../../arm-none-eabi/lib/thumb/v7e-m/fpv4-sp/hard/libc_nano.a(lib_a-memchr.o)
 .ARM.attributes
                0x00000000000004bb       0x34 /home/llc/Ac6/SystemWorkbench/plugins/fr.ac6.mcu.externaltools.arm-none.linux64_1.16.0.201807130628/tools/compiler/bin/../lib/gcc/arm-none-eabi/7.2.1/../../../../arm-none-eabi/lib/thumb/v7e-m/fpv4-sp/hard/libc_nano.a(lib_a-memcpy-stub.o)
 .ARM.attributes
                0x00000000000004ef       0x34 /home/llc/Ac6/SystemWorkbench/plugins/fr.ac6.mcu.externaltools.arm-none.linux64_1.16.0.201807130628/tools/compiler/bin/../lib/gcc/arm-none-eabi/7.2.1/../../../../arm-none-eabi/lib/thumb/v7e-m/fpv4-sp/hard/libc_nano.a(lib_a-mprec.o)
 .ARM.attributes
                0x0000000000000523       0x34 /home/llc/Ac6/SystemWorkbench/plugins/fr.ac6.mcu.externaltools.arm-none.linux64_1.16.0.201807130628/tools/compiler/bin/../lib/gcc/arm-none-eabi/7.2.1/../../../../arm-none-eabi/lib/thumb/v7e-m/fpv4-sp/hard/libc_nano.a(lib_a-nano-callocr.o)
 .ARM.attributes
                0x0000000000000557       0x34 /home/llc/Ac6/SystemWorkbench/plugins/fr.ac6.mcu.externaltools.arm-none.linux64_1.16.0.201807130628/tools/compiler/bin/../lib/gcc/arm-none-eabi/7.2.1/../../../../arm-none-eabi/lib/thumb/v7e-m/fpv4-sp/hard/libc_nano.a(lib_a-nano-freer.o)
 .ARM.attributes
                0x000000000000058b       0x34 /home/llc/Ac6/SystemWorkbench/plugins/fr.ac6.mcu.externaltools.arm-none.linux64_1.16.0.201807130628/tools/compiler/bin/../lib/gcc/arm-none-eabi/7.2.1/../../../../arm-none-eabi/lib/thumb/v7e-m/fpv4-sp/hard/libc_nano.a(lib_a-nano-mallocr.o)
 .ARM.attributes
                0x00000000000005bf       0x34 /home/llc/Ac6/SystemWorkbench/plugins/fr.ac6.mcu.externaltools.arm-none.linux64_1.16.0.201807130628/tools/compiler/bin/../lib/gcc/arm-none-eabi/7.2.1/../../../../arm-none-eabi/lib/thumb/v7e-m/fpv4-sp/hard/libc_nano.a(lib_a-nano-svfprintf.o)
 .ARM.attributes
                0x00000000000005f3       0x34 /home/llc/Ac6/SystemWorkbench/plugins/fr.ac6.mcu.externaltools.arm-none.linux64_1.16.0.201807130628/tools/compiler/bin/../lib/gcc/arm-none-eabi/7.2.1/../../../../arm-none-eabi/lib/thumb/v7e-m/fpv4-sp/hard/libc_nano.a(lib_a-sbrkr.o)
 .ARM.attributes
                0x0000000000000627       0x34 /home/llc/Ac6/SystemWorkbench/plugins/fr.ac6.mcu.externaltools.arm-none.linux64_1.16.0.201807130628/tools/compiler/bin/../lib/gcc/arm-none-eabi/7.2.1/../../../../arm-none-eabi/lib/thumb/v7e-m/fpv4-sp/hard/libc_nano.a(lib_a-locale.o)
 .ARM.attributes
                0x000000000000065b       0x34 /home/llc/Ac6/SystemWorkbench/plugins/fr.ac6.mcu.externaltools.arm-none.linux64_1.16.0.201807130628/tools/compiler/bin/../lib/gcc/arm-none-eabi/7.2.1/../../../../arm-none-eabi/lib/thumb/v7e-m/fpv4-sp/hard/libc_nano.a(lib_a-mbtowc_r.o)
 .ARM.attributes
                0x000000000000068f       0x34 /home/llc/Ac6/SystemWorkbench/plugins/fr.ac6.mcu.externaltools.arm-none.linux64_1.16.0.201807130628/tools/compiler/bin/../lib/gcc/arm-none-eabi/7.2.1/../../../../arm-none-eabi/lib/thumb/v7e-m/fpv4-sp/hard/libc_nano.a(lib_a-memmove.o)
 .ARM.attributes
                0x00000000000006c3       0x34 /home/llc/Ac6/SystemWorkbench/plugins/fr.ac6.mcu.externaltools.arm-none.linux64_1.16.0.201807130628/tools/compiler/bin/../lib/gcc/arm-none-eabi/7.2.1/../../../../arm-none-eabi/lib/thumb/v7e-m/fpv4-sp/hard/libc_nano.a(lib_a-mlock.o)
 .ARM.attributes
                0x00000000000006f7       0x34 /home/llc/Ac6/SystemWorkbench/plugins/fr.ac6.mcu.externaltools.arm-none.linux64_1.16.0.201807130628/tools/compiler/bin/../lib/gcc/arm-none-eabi/7.2.1/../../../../arm-none-eabi/lib/thumb/v7e-m/fpv4-sp/hard/libc_nano.a(lib_a-nano-reallocr.o)
 .ARM.attributes
                0x000000000000072b       0x34 /home/llc/Ac6/SystemWorkbench/plugins/fr.ac6.mcu.externaltools.arm-none.linux64_1.16.0.201807130628/tools/compiler/bin/../lib/gcc/arm-none-eabi/7.2.1/../../../../arm-none-eabi/lib/thumb/v7e-m/fpv4-sp/hard/libc_nano.a(lib_a-reent.o)
 .ARM.attributes
                0x000000000000075f       0x34 /home/llc/Ac6/SystemWorkbench/plugins/fr.ac6.mcu.externaltools.arm-none.linux64_1.16.0.201807130628/tools/compiler/bin/../lib/gcc/arm-none-eabi/7.2.1/../../../../arm-none-eabi/lib/thumb/v7e-m/fpv4-sp/hard/libc_nano.a(lib_a-wctomb_r.o)
 .ARM.attributes
                0x0000000000000793       0x34 /home/llc/Ac6/SystemWorkbench/plugins/fr.ac6.mcu.externaltools.arm-none.linux64_1.16.0.201807130628/tools/compiler/bin/../lib/gcc/arm-none-eabi/7.2.1/../../../../arm-none-eabi/lib/thumb/v7e-m/fpv4-sp/hard/libc_nano.a(lib_a-ctype_.o)
 .ARM.attributes
                0x00000000000007c7       0x34 /home/llc/Ac6/SystemWorkbench/plugins/fr.ac6.mcu.externaltools.arm-none.linux64_1.16.0.201807130628/tools/compiler/bin/../lib/gcc/arm-none-eabi/7.2.1/../../../../arm-none-eabi/lib/thumb/v7e-m/fpv4-sp/hard/libc_nano.a(lib_a-nano-msizer.o)
 .ARM.attributes
                0x00000000000007fb       0x22 /home/llc/Ac6/SystemWorkbench/plugins/fr.ac6.mcu.externaltools.arm-none.linux64_1.16.0.201807130628/tools/compiler/bin/../lib/gcc/arm-none-eabi/7.2.1/thumb/v7e-m/fpv4-sp/hard/libgcc.a(_arm_addsubdf3.o)
 .ARM.attributes
                0x000000000000081d       0x22 /home/llc/Ac6/SystemWorkbench/plugins/fr.ac6.mcu.externaltools.arm-none.linux64_1.16.0.201807130628/tools/compiler/bin/../lib/gcc/arm-none-eabi/7.2.1/thumb/v7e-m/fpv4-sp/hard/libgcc.a(_arm_muldivdf3.o)
 .ARM.attributes
                0x000000000000083f       0x22 /home/llc/Ac6/SystemWorkbench/plugins/fr.ac6.mcu.externaltools.arm-none.linux64_1.16.0.201807130628/tools/compiler/bin/../lib/gcc/arm-none-eabi/7.2.1/thumb/v7e-m/fpv4-sp/hard/libgcc.a(_arm_cmpdf2.o)
 .ARM.attributes
                0x0000000000000861       0x22 /home/llc/Ac6/SystemWorkbench/plugins/fr.ac6.mcu.externaltools.arm-none.linux64_1.16.0.201807130628/tools/compiler/bin/../lib/gcc/arm-none-eabi/7.2.1/thumb/v7e-m/fpv4-sp/hard/libgcc.a(_arm_unorddf2.o)
 .ARM.attributes
                0x0000000000000883       0x22 /home/llc/Ac6/SystemWorkbench/plugins/fr.ac6.mcu.externaltools.arm-none.linux64_1.16.0.201807130628/tools/compiler/bin/../lib/gcc/arm-none-eabi/7.2.1/thumb/v7e-m/fpv4-sp/hard/libgcc.a(_arm_fixdfsi.o)
 .ARM.attributes
                0x00000000000008a5       0x22 /home/llc/Ac6/SystemWorkbench/plugins/fr.ac6.mcu.externaltools.arm-none.linux64_1.16.0.201807130628/tools/compiler/bin/../lib/gcc/arm-none-eabi/7.2.1/thumb/v7e-m/fpv4-sp/hard/crtn.o
OUTPUT(nucleo_quad4.elf elf32-littlearm)

.debug_info     0x0000000000000000     0x809f
 .debug_info    0x0000000000000000      0x54f StdPeriph_Driver/src/misc.o
 .debug_info    0x000000000000054f      0x856 StdPeriph_Driver/src/stm32f4xx_gpio.o
 .debug_info    0x0000000000000da5      0xda5 StdPeriph_Driver/src/stm32f4xx_rcc.o
 .debug_info    0x0000000000001b4a     0x2109 StdPeriph_Driver/src/stm32f4xx_tim.o
 .debug_info    0x0000000000003c53      0xba3 StdPeriph_Driver/src/stm32f4xx_usart.o
 .debug_info    0x00000000000047f6     0x1796 src/main.o
 .debug_info    0x0000000000005f8c      0xb51 src/serial.o
 .debug_info    0x0000000000006add      0xfd3 src/syscalls.o
 .debug_info    0x0000000000007ab0      0x5cd src/system_stm32f4xx.o
 .debug_info    0x000000000000807d       0x22 startup/startup_stm32f411xe.o

.debug_abbrev   0x0000000000000000     0x12da
 .debug_abbrev  0x0000000000000000      0x186 StdPeriph_Driver/src/misc.o
 .debug_abbrev  0x0000000000000186      0x1fa StdPeriph_Driver/src/stm32f4xx_gpio.o
 .debug_abbrev  0x0000000000000380      0x1fa StdPeriph_Driver/src/stm32f4xx_rcc.o
 .debug_abbrev  0x000000000000057a      0x1d6 StdPeriph_Driver/src/stm32f4xx_tim.o
 .debug_abbrev  0x0000000000000750      0x1d1 StdPeriph_Driver/src/stm32f4xx_usart.o
 .debug_abbrev  0x0000000000000921      0x35e src/main.o
 .debug_abbrev  0x0000000000000c7f      0x232 src/serial.o
 .debug_abbrev  0x0000000000000eb1      0x2d4 src/syscalls.o
 .debug_abbrev  0x0000000000001185      0x143 src/system_stm32f4xx.o
 .debug_abbrev  0x00000000000012c8       0x12 startup/startup_stm32f411xe.o

.debug_loc      0x0000000000000000     0x380a
 .debug_loc     0x0000000000000000      0x128 StdPeriph_Driver/src/misc.o
 .debug_loc     0x0000000000000128      0x3db StdPeriph_Driver/src/stm32f4xx_gpio.o
 .debug_loc     0x0000000000000503      0xa90 StdPeriph_Driver/src/stm32f4xx_rcc.o
 .debug_loc     0x0000000000000f93     0x18f5 StdPeriph_Driver/src/stm32f4xx_tim.o
 .debug_loc     0x0000000000002888      0x7fc StdPeriph_Driver/src/stm32f4xx_usart.o
 .debug_loc     0x0000000000003084      0x16b src/main.o
 .debug_loc     0x00000000000031ef      0x139 src/serial.o
 .debug_loc     0x0000000000003328      0x3af src/syscalls.o
 .debug_loc     0x00000000000036d7      0x133 src/system_stm32f4xx.o

.debug_aranges  0x0000000000000000      0x808
 .debug_aranges
                0x0000000000000000       0x40 StdPeriph_Driver/src/misc.o
 .debug_aranges
                0x0000000000000040       0x88 StdPeriph_Driver/src/stm32f4xx_gpio.o
 .debug_aranges
                0x00000000000000c8      0x198 StdPeriph_Driver/src/stm32f4xx_rcc.o
 .debug_aranges
                0x0000000000000260      0x2f8 StdPeriph_Driver/src/stm32f4xx_tim.o
 .debug_aranges
                0x0000000000000558      0x100 StdPeriph_Driver/src/stm32f4xx_usart.o
 .debug_aranges
                0x0000000000000658       0x40 src/main.o
 .debug_aranges
                0x0000000000000698       0x68 src/serial.o
 .debug_aranges
                0x0000000000000700       0xb0 src/syscalls.o
 .debug_aranges
                0x00000000000007b0       0x30 src/system_stm32f4xx.o
 .debug_aranges
                0x00000000000007e0       0x28 startup/startup_stm32f411xe.o

.debug_ranges   0x0000000000000000      0x770
 .debug_ranges  0x0000000000000000       0x30 StdPeriph_Driver/src/misc.o
 .debug_ranges  0x0000000000000030       0x78 StdPeriph_Driver/src/stm32f4xx_gpio.o
 .debug_ranges  0x00000000000000a8      0x188 StdPeriph_Driver/src/stm32f4xx_rcc.o
 .debug_ranges  0x0000000000000230      0x2e8 StdPeriph_Driver/src/stm32f4xx_tim.o
 .debug_ranges  0x0000000000000518       0xf0 StdPeriph_Driver/src/stm32f4xx_usart.o
 .debug_ranges  0x0000000000000608       0x30 src/main.o
 .debug_ranges  0x0000000000000638       0x58 src/serial.o
 .debug_ranges  0x0000000000000690       0xa0 src/syscalls.o
 .debug_ranges  0x0000000000000730       0x20 src/system_stm32f4xx.o
 .debug_ranges  0x0000000000000750       0x20 startup/startup_stm32f411xe.o

.debug_macro    0x0000000000000000    0x104fd
 .debug_macro   0x0000000000000000      0x191 StdPeriph_Driver/src/misc.o
 .debug_macro   0x0000000000000191      0xa72 StdPeriph_Driver/src/misc.o
 .debug_macro   0x0000000000000c03       0x65 StdPeriph_Driver/src/misc.o
 .debug_macro   0x0000000000000c68       0x3b StdPeriph_Driver/src/misc.o
 .debug_macro   0x0000000000000ca3       0x22 StdPeriph_Driver/src/misc.o
 .debug_macro   0x0000000000000cc5       0x87 StdPeriph_Driver/src/misc.o
 .debug_macro   0x0000000000000d4c       0x51 StdPeriph_Driver/src/misc.o
 .debug_macro   0x0000000000000d9d       0xef StdPeriph_Driver/src/misc.o
 .debug_macro   0x0000000000000e8c       0x6a StdPeriph_Driver/src/misc.o
 .debug_macro   0x0000000000000ef6      0x1df StdPeriph_Driver/src/misc.o
 .debug_macro   0x00000000000010d5       0x34 StdPeriph_Driver/src/misc.o
 .debug_macro   0x0000000000001109       0x26 StdPeriph_Driver/src/misc.o
 .debug_macro   0x000000000000112f      0xe43 StdPeriph_Driver/src/misc.o
 .debug_macro   0x0000000000001f72     0x7fd9 StdPeriph_Driver/src/misc.o
 .debug_macro   0x0000000000009f4b      0x44f StdPeriph_Driver/src/misc.o
 .debug_macro   0x000000000000a39a       0xb2 StdPeriph_Driver/src/misc.o
 .debug_macro   0x000000000000a44c      0x477 StdPeriph_Driver/src/misc.o
 .debug_macro   0x000000000000a8c3       0xb5 StdPeriph_Driver/src/misc.o
 .debug_macro   0x000000000000a978      0x41c StdPeriph_Driver/src/misc.o
 .debug_macro   0x000000000000ad94      0x2f4 StdPeriph_Driver/src/misc.o
 .debug_macro   0x000000000000b088      0x2ba StdPeriph_Driver/src/misc.o
 .debug_macro   0x000000000000b342       0x64 StdPeriph_Driver/src/misc.o
 .debug_macro   0x000000000000b3a6       0xee StdPeriph_Driver/src/misc.o
 .debug_macro   0x000000000000b494      0x64a StdPeriph_Driver/src/misc.o
 .debug_macro   0x000000000000bade      0x59e StdPeriph_Driver/src/misc.o
 .debug_macro   0x000000000000c07c      0x342 StdPeriph_Driver/src/misc.o
 .debug_macro   0x000000000000c3be      0x36c StdPeriph_Driver/src/misc.o
 .debug_macro   0x000000000000c72a      0x10d StdPeriph_Driver/src/misc.o
 .debug_macro   0x000000000000c837      0x73b StdPeriph_Driver/src/misc.o
 .debug_macro   0x000000000000cf72      0x223 StdPeriph_Driver/src/misc.o
 .debug_macro   0x000000000000d195       0x34 StdPeriph_Driver/src/misc.o
 .debug_macro   0x000000000000d1c9       0x10 StdPeriph_Driver/src/misc.o
 .debug_macro   0x000000000000d1d9       0x35 StdPeriph_Driver/src/misc.o
 .debug_macro   0x000000000000d20e       0x7c StdPeriph_Driver/src/misc.o
 .debug_macro   0x000000000000d28a      0x18f StdPeriph_Driver/src/stm32f4xx_gpio.o
 .debug_macro   0x000000000000d419      0x2ee StdPeriph_Driver/src/stm32f4xx_gpio.o
 .debug_macro   0x000000000000d707      0x25e StdPeriph_Driver/src/stm32f4xx_rcc.o
 .debug_macro   0x000000000000d965      0x1b9 StdPeriph_Driver/src/stm32f4xx_tim.o
 .debug_macro   0x000000000000db1e      0x735 StdPeriph_Driver/src/stm32f4xx_tim.o
 .debug_macro   0x000000000000e253      0x1a7 StdPeriph_Driver/src/stm32f4xx_usart.o
 .debug_macro   0x000000000000e3fa      0x21d StdPeriph_Driver/src/stm32f4xx_usart.o
 .debug_macro   0x000000000000e617      0x316 src/main.o
 .debug_macro   0x000000000000e92d       0x58 src/main.o
 .debug_macro   0x000000000000e985       0x17 src/main.o
 .debug_macro   0x000000000000e99c       0x35 src/main.o
 .debug_macro   0x000000000000e9d1       0x9c src/main.o
 .debug_macro   0x000000000000ea6d       0x16 src/main.o
 .debug_macro   0x000000000000ea83       0x97 src/main.o
 .debug_macro   0x000000000000eb1a      0x330 src/main.o
 .debug_macro   0x000000000000ee4a       0xfd src/main.o
 .debug_macro   0x000000000000ef47       0x10 src/main.o
 .debug_macro   0x000000000000ef57       0x58 src/main.o
 .debug_macro   0x000000000000efaf       0x1f src/main.o
 .debug_macro   0x000000000000efce       0x43 src/main.o
 .debug_macro   0x000000000000f011       0x20 src/main.o
 .debug_macro   0x000000000000f031      0x18e src/main.o
 .debug_macro   0x000000000000f1bf       0x10 src/main.o
 .debug_macro   0x000000000000f1cf       0x1c src/main.o
 .debug_macro   0x000000000000f1eb       0x52 src/main.o
 .debug_macro   0x000000000000f23d       0x40 src/main.o
 .debug_macro   0x000000000000f27d       0x10 src/main.o
 .debug_macro   0x000000000000f28d       0x40 src/main.o
 .debug_macro   0x000000000000f2cd       0xd7 src/main.o
 .debug_macro   0x000000000000f3a4       0x1c src/main.o
 .debug_macro   0x000000000000f3c0       0x3d src/main.o
 .debug_macro   0x000000000000f3fd       0x16 src/main.o
 .debug_macro   0x000000000000f413      0x16f src/main.o
 .debug_macro   0x000000000000f582       0x16 src/main.o
 .debug_macro   0x000000000000f598       0x35 src/main.o
 .debug_macro   0x000000000000f5cd       0x22 src/main.o
 .debug_macro   0x000000000000f5ef      0x1fc src/serial.o
 .debug_macro   0x000000000000f7eb      0x243 src/syscalls.o
 .debug_macro   0x000000000000fa2e       0x52 src/syscalls.o
 .debug_macro   0x000000000000fa80       0x8d src/syscalls.o
 .debug_macro   0x000000000000fb0d       0x57 src/syscalls.o
 .debug_macro   0x000000000000fb64      0x174 src/syscalls.o
 .debug_macro   0x000000000000fcd8       0x10 src/syscalls.o
 .debug_macro   0x000000000000fce8       0x10 src/syscalls.o
 .debug_macro   0x000000000000fcf8       0x10 src/syscalls.o
 .debug_macro   0x000000000000fd08       0x35 src/syscalls.o
 .debug_macro   0x000000000000fd3d      0x122 src/syscalls.o
 .debug_macro   0x000000000000fe5f       0x16 src/syscalls.o
 .debug_macro   0x000000000000fe75       0x16 src/syscalls.o
 .debug_macro   0x000000000000fe8b       0x29 src/syscalls.o
 .debug_macro   0x000000000000feb4       0x10 src/syscalls.o
 .debug_macro   0x000000000000fec4      0x241 src/syscalls.o
 .debug_macro   0x0000000000010105       0x1c src/syscalls.o
 .debug_macro   0x0000000000010121       0x10 src/syscalls.o
 .debug_macro   0x0000000000010131      0x189 src/syscalls.o
 .debug_macro   0x00000000000102ba       0x16 src/syscalls.o
 .debug_macro   0x00000000000102d0       0x88 src/syscalls.o
 .debug_macro   0x0000000000010358      0x1a5 src/system_stm32f4xx.o

.debug_line     0x0000000000000000     0x4782
 .debug_line    0x0000000000000000      0x5f2 StdPeriph_Driver/src/misc.o
 .debug_line    0x00000000000005f2      0x6db StdPeriph_Driver/src/stm32f4xx_gpio.o
 .debug_line    0x0000000000000ccd      0x9a5 StdPeriph_Driver/src/stm32f4xx_rcc.o
 .debug_line    0x0000000000001672      0xe03 StdPeriph_Driver/src/stm32f4xx_tim.o
 .debug_line    0x0000000000002475      0x847 StdPeriph_Driver/src/stm32f4xx_usart.o
 .debug_line    0x0000000000002cbc      0x7ab src/main.o
 .debug_line    0x0000000000003467      0x6bb src/serial.o
 .debug_line    0x0000000000003b22      0x5f5 src/syscalls.o
 .debug_line    0x0000000000004117      0x5ec src/system_stm32f4xx.o
 .debug_line    0x0000000000004703       0x7f startup/startup_stm32f411xe.o

.debug_str      0x0000000000000000    0x5ae2e
 .debug_str     0x0000000000000000    0x5302f StdPeriph_Driver/src/misc.o
                                      0x531d1 (size before relaxing)
 .debug_str     0x000000000005302f      0x2e2 StdPeriph_Driver/src/stm32f4xx_gpio.o
                                      0x53290 (size before relaxing)
 .debug_str     0x0000000000053311      0xca7 StdPeriph_Driver/src/stm32f4xx_rcc.o
                                      0x53cd8 (size before relaxing)
 .debug_str     0x0000000000053fb8      0xc2f StdPeriph_Driver/src/stm32f4xx_tim.o
                                      0x53c9e (size before relaxing)
 .debug_str     0x0000000000054be7      0x53a StdPeriph_Driver/src/stm32f4xx_usart.o
                                      0x535cc (size before relaxing)
 .debug_str     0x0000000000055121     0x465c src/main.o
                                      0x57a67 (size before relaxing)
 .debug_str     0x000000000005977d      0x3d2 src/serial.o
                                      0x53b8e (size before relaxing)
 .debug_str     0x0000000000059b4f     0x1217 src/syscalls.o
                                       0x8701 (size before relaxing)
 .debug_str     0x000000000005ad66       0x98 src/system_stm32f4xx.o
                                      0x53199 (size before relaxing)
 .debug_str     0x000000000005adfe       0x30 startup/startup_stm32f411xe.o
                                         0x57 (size before relaxing)

.comment        0x0000000000000000       0x7e
 .comment       0x0000000000000000       0x7e StdPeriph_Driver/src/misc.o
                                         0x7f (size before relaxing)
 .comment       0x000000000000007e       0x7f StdPeriph_Driver/src/stm32f4xx_gpio.o
 .comment       0x000000000000007e       0x7f StdPeriph_Driver/src/stm32f4xx_rcc.o
 .comment       0x000000000000007e       0x7f StdPeriph_Driver/src/stm32f4xx_tim.o
 .comment       0x000000000000007e       0x7f StdPeriph_Driver/src/stm32f4xx_usart.o
 .comment       0x000000000000007e       0x7f src/main.o
 .comment       0x000000000000007e       0x7f src/serial.o
 .comment       0x000000000000007e       0x7f src/syscalls.o
 .comment       0x000000000000007e       0x7f src/system_stm32f4xx.o

.debug_frame    0x0000000000000000     0x1b6c
 .debug_frame   0x0000000000000000       0x60 StdPeriph_Driver/src/misc.o
 .debug_frame   0x0000000000000060      0x120 StdPeriph_Driver/src/stm32f4xx_gpio.o
 .debug_frame   0x0000000000000180      0x32c StdPeriph_Driver/src/stm32f4xx_rcc.o
 .debug_frame   0x00000000000004ac      0x6cc StdPeriph_Driver/src/stm32f4xx_tim.o
 .debug_frame   0x0000000000000b78      0x224 StdPeriph_Driver/src/stm32f4xx_usart.o
 .debug_frame   0x0000000000000d9c       0x98 src/main.o
 .debug_frame   0x0000000000000e34       0xec src/serial.o
 .debug_frame   0x0000000000000f20      0x1a8 src/syscalls.o
 .debug_frame   0x00000000000010c8       0x48 src/system_stm32f4xx.o
 .debug_frame   0x0000000000001110       0x20 /home/llc/Ac6/SystemWorkbench/plugins/fr.ac6.mcu.externaltools.arm-none.linux64_1.16.0.201807130628/tools/compiler/bin/../lib/gcc/arm-none-eabi/7.2.1/../../../../arm-none-eabi/lib/thumb/v7e-m/fpv4-sp/hard/libc_nano.a(lib_a-errno.o)
 .debug_frame   0x0000000000001130       0x2c /home/llc/Ac6/SystemWorkbench/plugins/fr.ac6.mcu.externaltools.arm-none.linux64_1.16.0.201807130628/tools/compiler/bin/../lib/gcc/arm-none-eabi/7.2.1/../../../../arm-none-eabi/lib/thumb/v7e-m/fpv4-sp/hard/libc_nano.a(lib_a-init.o)
 .debug_frame   0x000000000000115c       0x20 /home/llc/Ac6/SystemWorkbench/plugins/fr.ac6.mcu.externaltools.arm-none.linux64_1.16.0.201807130628/tools/compiler/bin/../lib/gcc/arm-none-eabi/7.2.1/../../../../arm-none-eabi/lib/thumb/v7e-m/fpv4-sp/hard/libc_nano.a(lib_a-memset.o)
 .debug_frame   0x000000000000117c       0x8c /home/llc/Ac6/SystemWorkbench/plugins/fr.ac6.mcu.externaltools.arm-none.linux64_1.16.0.201807130628/tools/compiler/bin/../lib/gcc/arm-none-eabi/7.2.1/../../../../arm-none-eabi/lib/thumb/v7e-m/fpv4-sp/hard/libc_nano.a(lib_a-nano-vfprintf_float.o)
 .debug_frame   0x0000000000001208       0x60 /home/llc/Ac6/SystemWorkbench/plugins/fr.ac6.mcu.externaltools.arm-none.linux64_1.16.0.201807130628/tools/compiler/bin/../lib/gcc/arm-none-eabi/7.2.1/../../../../arm-none-eabi/lib/thumb/v7e-m/fpv4-sp/hard/libc_nano.a(lib_a-nano-vfprintf_i.o)
 .debug_frame   0x0000000000001268       0x6c /home/llc/Ac6/SystemWorkbench/plugins/fr.ac6.mcu.externaltools.arm-none.linux64_1.16.0.201807130628/tools/compiler/bin/../lib/gcc/arm-none-eabi/7.2.1/../../../../arm-none-eabi/lib/thumb/v7e-m/fpv4-sp/hard/libc_nano.a(lib_a-sprintf.o)
 .debug_frame   0x00000000000012d4       0x70 /home/llc/Ac6/SystemWorkbench/plugins/fr.ac6.mcu.externaltools.arm-none.linux64_1.16.0.201807130628/tools/compiler/bin/../lib/gcc/arm-none-eabi/7.2.1/../../../../arm-none-eabi/lib/thumb/v7e-m/fpv4-sp/hard/libc_nano.a(lib_a-dtoa.o)
 .debug_frame   0x0000000000001344       0x40 /home/llc/Ac6/SystemWorkbench/plugins/fr.ac6.mcu.externaltools.arm-none.linux64_1.16.0.201807130628/tools/compiler/bin/../lib/gcc/arm-none-eabi/7.2.1/../../../../arm-none-eabi/lib/thumb/v7e-m/fpv4-sp/hard/libc_nano.a(lib_a-localeconv.o)
 .debug_frame   0x0000000000001384       0x30 /home/llc/Ac6/SystemWorkbench/plugins/fr.ac6.mcu.externaltools.arm-none.linux64_1.16.0.201807130628/tools/compiler/bin/../lib/gcc/arm-none-eabi/7.2.1/../../../../arm-none-eabi/lib/thumb/v7e-m/fpv4-sp/hard/libc_nano.a(lib_a-malloc.o)
 .debug_frame   0x00000000000013b4       0x28 /home/llc/Ac6/SystemWorkbench/plugins/fr.ac6.mcu.externaltools.arm-none.linux64_1.16.0.201807130628/tools/compiler/bin/../lib/gcc/arm-none-eabi/7.2.1/../../../../arm-none-eabi/lib/thumb/v7e-m/fpv4-sp/hard/libc_nano.a(lib_a-memcpy-stub.o)
 .debug_frame   0x00000000000013dc      0x244 /home/llc/Ac6/SystemWorkbench/plugins/fr.ac6.mcu.externaltools.arm-none.linux64_1.16.0.201807130628/tools/compiler/bin/../lib/gcc/arm-none-eabi/7.2.1/../../../../arm-none-eabi/lib/thumb/v7e-m/fpv4-sp/hard/libc_nano.a(lib_a-mprec.o)
 .debug_frame   0x0000000000001620       0x2c /home/llc/Ac6/SystemWorkbench/plugins/fr.ac6.mcu.externaltools.arm-none.linux64_1.16.0.201807130628/tools/compiler/bin/../lib/gcc/arm-none-eabi/7.2.1/../../../../arm-none-eabi/lib/thumb/v7e-m/fpv4-sp/hard/libc_nano.a(lib_a-nano-callocr.o)
 .debug_frame   0x000000000000164c       0x38 /home/llc/Ac6/SystemWorkbench/plugins/fr.ac6.mcu.externaltools.arm-none.linux64_1.16.0.201807130628/tools/compiler/bin/../lib/gcc/arm-none-eabi/7.2.1/../../../../arm-none-eabi/lib/thumb/v7e-m/fpv4-sp/hard/libc_nano.a(lib_a-nano-freer.o)
 .debug_frame   0x0000000000001684       0x2c /home/llc/Ac6/SystemWorkbench/plugins/fr.ac6.mcu.externaltools.arm-none.linux64_1.16.0.201807130628/tools/compiler/bin/../lib/gcc/arm-none-eabi/7.2.1/../../../../arm-none-eabi/lib/thumb/v7e-m/fpv4-sp/hard/libc_nano.a(lib_a-nano-mallocr.o)
 .debug_frame   0x00000000000016b0       0x90 /home/llc/Ac6/SystemWorkbench/plugins/fr.ac6.mcu.externaltools.arm-none.linux64_1.16.0.201807130628/tools/compiler/bin/../lib/gcc/arm-none-eabi/7.2.1/../../../../arm-none-eabi/lib/thumb/v7e-m/fpv4-sp/hard/libc_nano.a(lib_a-nano-svfprintf.o)
 .debug_frame   0x0000000000001740       0x2c /home/llc/Ac6/SystemWorkbench/plugins/fr.ac6.mcu.externaltools.arm-none.linux64_1.16.0.201807130628/tools/compiler/bin/../lib/gcc/arm-none-eabi/7.2.1/../../../../arm-none-eabi/lib/thumb/v7e-m/fpv4-sp/hard/libc_nano.a(lib_a-sbrkr.o)
 .debug_frame   0x000000000000176c       0x68 /home/llc/Ac6/SystemWorkbench/plugins/fr.ac6.mcu.externaltools.arm-none.linux64_1.16.0.201807130628/tools/compiler/bin/../lib/gcc/arm-none-eabi/7.2.1/../../../../arm-none-eabi/lib/thumb/v7e-m/fpv4-sp/hard/libc_nano.a(lib_a-locale.o)
 .debug_frame   0x00000000000017d4       0x48 /home/llc/Ac6/SystemWorkbench/plugins/fr.ac6.mcu.externaltools.arm-none.linux64_1.16.0.201807130628/tools/compiler/bin/../lib/gcc/arm-none-eabi/7.2.1/../../../../arm-none-eabi/lib/thumb/v7e-m/fpv4-sp/hard/libc_nano.a(lib_a-mbtowc_r.o)
 .debug_frame   0x000000000000181c       0x28 /home/llc/Ac6/SystemWorkbench/plugins/fr.ac6.mcu.externaltools.arm-none.linux64_1.16.0.201807130628/tools/compiler/bin/../lib/gcc/arm-none-eabi/7.2.1/../../../../arm-none-eabi/lib/thumb/v7e-m/fpv4-sp/hard/libc_nano.a(lib_a-memmove.o)
 .debug_frame   0x0000000000001844       0x30 /home/llc/Ac6/SystemWorkbench/plugins/fr.ac6.mcu.externaltools.arm-none.linux64_1.16.0.201807130628/tools/compiler/bin/../lib/gcc/arm-none-eabi/7.2.1/../../../../arm-none-eabi/lib/thumb/v7e-m/fpv4-sp/hard/libc_nano.a(lib_a-mlock.o)
 .debug_frame   0x0000000000001874       0x3c /home/llc/Ac6/SystemWorkbench/plugins/fr.ac6.mcu.externaltools.arm-none.linux64_1.16.0.201807130628/tools/compiler/bin/../lib/gcc/arm-none-eabi/7.2.1/../../../../arm-none-eabi/lib/thumb/v7e-m/fpv4-sp/hard/libc_nano.a(lib_a-nano-reallocr.o)
 .debug_frame   0x00000000000018b0       0x5c /home/llc/Ac6/SystemWorkbench/plugins/fr.ac6.mcu.externaltools.arm-none.linux64_1.16.0.201807130628/tools/compiler/bin/../lib/gcc/arm-none-eabi/7.2.1/../../../../arm-none-eabi/lib/thumb/v7e-m/fpv4-sp/hard/libc_nano.a(lib_a-reent.o)
 .debug_frame   0x000000000000190c       0x3c /home/llc/Ac6/SystemWorkbench/plugins/fr.ac6.mcu.externaltools.arm-none.linux64_1.16.0.201807130628/tools/compiler/bin/../lib/gcc/arm-none-eabi/7.2.1/../../../../arm-none-eabi/lib/thumb/v7e-m/fpv4-sp/hard/libc_nano.a(lib_a-wctomb_r.o)
 .debug_frame   0x0000000000001948       0x20 /home/llc/Ac6/SystemWorkbench/plugins/fr.ac6.mcu.externaltools.arm-none.linux64_1.16.0.201807130628/tools/compiler/bin/../lib/gcc/arm-none-eabi/7.2.1/../../../../arm-none-eabi/lib/thumb/v7e-m/fpv4-sp/hard/libc_nano.a(lib_a-nano-msizer.o)
 .debug_frame   0x0000000000001968       0xac /home/llc/Ac6/SystemWorkbench/plugins/fr.ac6.mcu.externaltools.arm-none.linux64_1.16.0.201807130628/tools/compiler/bin/../lib/gcc/arm-none-eabi/7.2.1/thumb/v7e-m/fpv4-sp/hard/libgcc.a(_arm_addsubdf3.o)
 .debug_frame   0x0000000000001a14       0x50 /home/llc/Ac6/SystemWorkbench/plugins/fr.ac6.mcu.externaltools.arm-none.linux64_1.16.0.201807130628/tools/compiler/bin/../lib/gcc/arm-none-eabi/7.2.1/thumb/v7e-m/fpv4-sp/hard/libgcc.a(_arm_muldivdf3.o)
 .debug_frame   0x0000000000001a64       0xc4 /home/llc/Ac6/SystemWorkbench/plugins/fr.ac6.mcu.externaltools.arm-none.linux64_1.16.0.201807130628/tools/compiler/bin/../lib/gcc/arm-none-eabi/7.2.1/thumb/v7e-m/fpv4-sp/hard/libgcc.a(_arm_cmpdf2.o)
 .debug_frame   0x0000000000001b28       0x20 /home/llc/Ac6/SystemWorkbench/plugins/fr.ac6.mcu.externaltools.arm-none.linux64_1.16.0.201807130628/tools/compiler/bin/../lib/gcc/arm-none-eabi/7.2.1/thumb/v7e-m/fpv4-sp/hard/libgcc.a(_arm_unorddf2.o)
 .debug_frame   0x0000000000001b48       0x24 /home/llc/Ac6/SystemWorkbench/plugins/fr.ac6.mcu.externaltools.arm-none.linux64_1.16.0.201807130628/tools/compiler/bin/../lib/gcc/arm-none-eabi/7.2.1/thumb/v7e-m/fpv4-sp/hard/libgcc.a(_arm_fixdfsi.o)
